Component: ARM Compiler 5.06 update 6 (build 750) Tool: armlink [4d35ed]

==============================================================================

Section Cross References

    startup_stm32f10x_md.o(STACK) refers (Special) to heapauxi.o(.text) for __use_two_region_memory
    startup_stm32f10x_md.o(HEAP) refers (Special) to heapauxi.o(.text) for __use_two_region_memory
    startup_stm32f10x_md.o(RESET) refers (Special) to heapauxi.o(.text) for __use_two_region_memory
    startup_stm32f10x_md.o(RESET) refers to startup_stm32f10x_md.o(STACK) for __initial_sp
    startup_stm32f10x_md.o(RESET) refers to startup_stm32f10x_md.o(.text) for Reset_Handler
    startup_stm32f10x_md.o(RESET) refers to stm32f10x_it.o(i.NMI_Handler) for NMI_Handler
    startup_stm32f10x_md.o(RESET) refers to stm32f10x_it.o(i.HardFault_Handler) for HardFault_Handler
    startup_stm32f10x_md.o(RESET) refers to stm32f10x_it.o(i.MemManage_Handler) for MemManage_Handler
    startup_stm32f10x_md.o(RESET) refers to stm32f10x_it.o(i.BusFault_Handler) for BusFault_Handler
    startup_stm32f10x_md.o(RESET) refers to stm32f10x_it.o(i.UsageFault_Handler) for UsageFault_Handler
    startup_stm32f10x_md.o(RESET) refers to stm32f10x_it.o(i.SVC_Handler) for SVC_Handler
    startup_stm32f10x_md.o(RESET) refers to stm32f10x_it.o(i.DebugMon_Handler) for DebugMon_Handler
    startup_stm32f10x_md.o(RESET) refers to stm32f10x_it.o(i.PendSV_Handler) for PendSV_Handler
    startup_stm32f10x_md.o(RESET) refers to stm32f10x_it.o(i.SysTick_Handler) for SysTick_Handler
    startup_stm32f10x_md.o(RESET) refers to usart.o(i.USART1_IRQHandler) for USART1_IRQHandler
    startup_stm32f10x_md.o(.text) refers (Special) to heapauxi.o(.text) for __use_two_region_memory
    startup_stm32f10x_md.o(.text) refers to system_stm32f10x.o(i.SystemInit) for SystemInit
    startup_stm32f10x_md.o(.text) refers to __main.o(!!!main) for __main
    startup_stm32f10x_md.o(.text) refers to startup_stm32f10x_md.o(HEAP) for Heap_Mem
    startup_stm32f10x_md.o(.text) refers to startup_stm32f10x_md.o(STACK) for Stack_Mem
    system_stm32f10x.o(i.SetSysClock) refers to system_stm32f10x.o(i.SetSysClockTo72) for SetSysClockTo72
    system_stm32f10x.o(i.SystemCoreClockUpdate) refers to system_stm32f10x.o(.data) for SystemCoreClock
    system_stm32f10x.o(i.SystemInit) refers to system_stm32f10x.o(i.SetSysClock) for SetSysClock
    stm32f10x_adc.o(i.ADC_DeInit) refers to stm32f10x_rcc.o(i.RCC_APB2PeriphResetCmd) for RCC_APB2PeriphResetCmd
    stm32f10x_bkp.o(i.BKP_DeInit) refers to stm32f10x_rcc.o(i.RCC_BackupResetCmd) for RCC_BackupResetCmd
    stm32f10x_can.o(i.CAN_DeInit) refers to stm32f10x_rcc.o(i.RCC_APB1PeriphResetCmd) for RCC_APB1PeriphResetCmd
    stm32f10x_can.o(i.CAN_GetITStatus) refers to stm32f10x_can.o(i.CheckITStatus) for CheckITStatus
    stm32f10x_cec.o(i.CEC_DeInit) refers to stm32f10x_rcc.o(i.RCC_APB1PeriphResetCmd) for RCC_APB1PeriphResetCmd
    stm32f10x_dac.o(i.DAC_DeInit) refers to stm32f10x_rcc.o(i.RCC_APB1PeriphResetCmd) for RCC_APB1PeriphResetCmd
    stm32f10x_flash.o(i.FLASH_EnableWriteProtection) refers to stm32f10x_flash.o(i.FLASH_WaitForLastOperation) for FLASH_WaitForLastOperation
    stm32f10x_flash.o(i.FLASH_EraseAllBank1Pages) refers to stm32f10x_flash.o(i.FLASH_WaitForLastBank1Operation) for FLASH_WaitForLastBank1Operation
    stm32f10x_flash.o(i.FLASH_EraseAllPages) refers to stm32f10x_flash.o(i.FLASH_WaitForLastOperation) for FLASH_WaitForLastOperation
    stm32f10x_flash.o(i.FLASH_EraseOptionBytes) refers to stm32f10x_flash.o(i.FLASH_GetReadOutProtectionStatus) for FLASH_GetReadOutProtectionStatus
    stm32f10x_flash.o(i.FLASH_EraseOptionBytes) refers to stm32f10x_flash.o(i.FLASH_WaitForLastOperation) for FLASH_WaitForLastOperation
    stm32f10x_flash.o(i.FLASH_ErasePage) refers to stm32f10x_flash.o(i.FLASH_WaitForLastOperation) for FLASH_WaitForLastOperation
    stm32f10x_flash.o(i.FLASH_ProgramHalfWord) refers to stm32f10x_flash.o(i.FLASH_WaitForLastOperation) for FLASH_WaitForLastOperation
    stm32f10x_flash.o(i.FLASH_ProgramOptionByteData) refers to stm32f10x_flash.o(i.FLASH_WaitForLastOperation) for FLASH_WaitForLastOperation
    stm32f10x_flash.o(i.FLASH_ProgramWord) refers to stm32f10x_flash.o(i.FLASH_WaitForLastOperation) for FLASH_WaitForLastOperation
    stm32f10x_flash.o(i.FLASH_ReadOutProtection) refers to stm32f10x_flash.o(i.FLASH_WaitForLastOperation) for FLASH_WaitForLastOperation
    stm32f10x_flash.o(i.FLASH_UserOptionByteConfig) refers to stm32f10x_flash.o(i.FLASH_WaitForLastOperation) for FLASH_WaitForLastOperation
    stm32f10x_flash.o(i.FLASH_WaitForLastBank1Operation) refers to stm32f10x_flash.o(i.FLASH_GetBank1Status) for FLASH_GetBank1Status
    stm32f10x_flash.o(i.FLASH_WaitForLastOperation) refers to stm32f10x_flash.o(i.FLASH_GetBank1Status) for FLASH_GetBank1Status
    stm32f10x_gpio.o(i.GPIO_AFIODeInit) refers to stm32f10x_rcc.o(i.RCC_APB2PeriphResetCmd) for RCC_APB2PeriphResetCmd
[...]
    .ARM.Collect$$libshutdown$$0000000A      0x08000212   Section        0  libshutdown2.o(.ARM.Collect$$libshutdown$$0000000A)
    .ARM.Collect$$libshutdown$$0000000C      0x08000212   Section        0  libshutdown2.o(.ARM.Collect$$libshutdown$$0000000C)
    .ARM.Collect$$libshutdown$$0000000F      0x08000212   Section        0  libshutdown2.o(.ARM.Collect$$libshutdown$$0000000F)
    .ARM.Collect$$libshutdown$$00000010      0x08000212   Section        2  libshutdown2.o(.ARM.Collect$$libshutdown$$00000010)
    .ARM.Collect$$rtentry$$00000000          0x08000214   Section        0  __rtentry.o(.ARM.Collect$$rtentry$$00000000)
    .ARM.Collect$$rtentry$$00000002          0x08000214   Section        0  __rtentry2.o(.ARM.Collect$$rtentry$$00000002)
    .ARM.Collect$$rtentry$$00000004          0x08000214   Section        6  __rtentry4.o(.ARM.Collect$$rtentry$$00000004)
    .ARM.Collect$$rtentry$$00000009          0x0800021a   Section        0  __rtentry2.o(.ARM.Collect$$rtentry$$00000009)
    .ARM.Collect$$rtentry$$0000000A          0x0800021a   Section        4  __rtentry2.o(.ARM.Collect$$rtentry$$0000000A)
    .ARM.Collect$$rtentry$$0000000C          0x0800021e   Section        0  __rtentry2.o(.ARM.Collect$$rtentry$$0000000C)
    .ARM.Collect$$rtentry$$0000000D          0x0800021e   Section        8  __rtentry2.o(.ARM.Collect$$rtentry$$0000000D)
    .ARM.Collect$$rtexit$$00000000           0x08000226   Section        2  rtexit.o(.ARM.Collect$$rtexit$$00000000)
    .ARM.Collect$$rtexit$$00000002           0x08000228   Section        0  rtexit2.o(.ARM.Collect$$rtexit$$00000002)
    .ARM.Collect$$rtexit$$00000003           0x08000228   Section        4  rtexit2.o(.ARM.Collect$$rtexit$$00000003)
    .ARM.Collect$$rtexit$$00000004           0x0800022c   Section        6  rtexit2.o(.ARM.Collect$$rtexit$$00000004)
    .text                                    0x08000234   Section       64  startup_stm32f10x_md.o(.text)
    .text                                    0x08000274   Section        0  vsprintf.o(.text)
    .text                                    0x08000298   Section        0  strstr.o(.text)
    .text                                    0x080002bc   Section       68  rt_memclr.o(.text)
    .text                                    0x08000300   Section        0  heapauxi.o(.text)
    .text                                    0x08000306   Section        0  _printf_pad.o(.text)
    .text                                    0x08000354   Section        0  _printf_truncate.o(.text)
    .text                                    0x08000378   Section        0  _printf_str.o(.text)
    .text                                    0x080003cc   Section        0  _printf_dec.o(.text)
    .text                                    0x08000444   Section        0  _printf_charcount.o(.text)
    .text                                    0x0800046c   Section        0  _printf_char_common.o(.text)
    _printf_input_char                       0x0800046d   Thumb Code    10  _printf_char_common.o(.text)
    .text                                    0x0800049c   Section        0  _sputc.o(.text)
    .text                                    0x080004a8   Section        0  _printf_wctomb.o(.text)
    .text                                    0x08000564   Section        0  _printf_longlong_dec.o(.text)
    .text                                    0x080005e0   Section        0  _printf_oct_int_ll.o(.text)
    _printf_longlong_oct_internal            0x080005e1   Thumb Code     0  _printf_oct_int_ll.o(.text)
    .text                                    0x08000650   Section        0  _printf_hex_int_ll_ptr.o(.text)
    _printf_hex_common                       0x08000651   Thumb Code     0  _printf_hex_int_ll_ptr.o(.text)
    .text                                    0x080006e4   Section        0  __printf_flags_ss_wp.o(.text)
    .text                                    0x0800086c   Section       78  rt_memclr_w.o(.text)
    .text                                    0x080008ba   Section      138  lludiv10.o(.text)
    .text                                    0x08000944   Section        0  _printf_intcommon.o(.text)
    .text                                    0x080009f6   Section        0  _printf_fp_dec.o(.text)
    _fp_digits                               0x080009f9   Thumb Code   432  _printf_fp_dec.o(.text)
    .text                                    0x08000e14   Section        0  _printf_fp_hex.o(.text)
    .text                                    0x08001110   Section        0  _printf_char.o(.text)
    .text                                    0x0800113c   Section        0  _printf_wchar.o(.text)
    .text                                    0x08001168   Section        0  _wcrtomb.o(.text)
    .text                                    0x080011a8   Section       74  sys_stackheap_outer.o(.text)
    .text                                    0x080011f4   Section       16  rt_ctype_table.o(.text)
    .text                                    0x08001204   Section        8  rt_locale_intlibspace.o(.text)
    .text                                    0x0800120c   Section        0  _printf_fp_infnan.o(.text)
    .text                                    0x0800128c   Section        0  bigflt0.o(.text)
    .text                                    0x08001370   Section        0  exit.o(.text)
    .text                                    0x08001384   Section        8  libspace.o(.text)
    .text                                    0x0800138c   Section      128  strcmpv7m.o(.text)
    .text                                    0x0800140c   Section        0  sys_exit.o(.text)
    .text                                    0x08001418   Section        2  use_no_semi.o(.text)
    .text                                    0x0800141a   Section        0  indicate_semi.o(.text)
    CL$$btod_d2e                             0x0800141a   Section       62  btod.o(CL$$btod_d2e)
    CL$$btod_d2e_denorm_low                  0x08001458   Section       70  btod.o(CL$$btod_d2e_denorm_low)
    CL$$btod_d2e_norm_op1                    0x0800149e   Section       96  btod.o(CL$$btod_d2e_norm_op1)
    CL$$btod_div_common                      0x080014fe   Section      824  btod.o(CL$$btod_div_common)
    CL$$btod_e2e                             0x08001836   Section      220  btod.o(CL$$btod_e2e)
    CL$$btod_ediv                            0x08001912   Section       42  btod.o(CL$$btod_ediv)
    CL$$btod_emul                            0x0800193c   Section       42  btod.o(CL$$btod_emul)
    CL$$btod_mult_common                     0x08001966   Section      580  btod.o(CL$$btod_mult_common)
    i.ADC_Cmd                                0x08001baa   Section        0  stm32f10x_adc.o(i.ADC_Cmd)
    i.ADC_GetCalibrationStatus               0x08001bc0   Section        0  stm32f10x_adc.o(i.ADC_GetCalibrationStatus)
    i.ADC_GetConversionValue                 0x08001bd4   Section        0  stm32f10x_adc.o(i.ADC_GetConversionValue)
    i.ADC_GetFlagStatus                      0x08001bdc   Section        0  stm32f10x_adc.o(i.ADC_GetFlagStatus)
    i.ADC_GetResetCalibrationStatus          0x08001bee   Section        0  stm32f10x_adc.o(i.ADC_GetResetCalibrationStatus)
    i.ADC_Init                               0x08001c04   Section        0  stm32f10x_adc.o(i.ADC_Init)
    i.ADC_RegularChannelConfig               0x08001c54   Section        0  stm32f10x_adc.o(i.ADC_RegularChannelConfig)
    i.ADC_ResetCalibration                   0x08001d0c   Section        0  stm32f10x_adc.o(i.ADC_ResetCalibration)
    i.ADC_SoftwareStartConvCmd               0x08001d16   Section        0  stm32f10x_adc.o(i.ADC_SoftwareStartConvCmd)
    i.ADC_StartCalibration                   0x08001d2c   Section        0  stm32f10x_adc.o(i.ADC_StartCalibration)
    i.AD_GetValue                            0x08001d38   Section        0  ad.o(i.AD_GetValue)
    i.AD_Init                                0x08001d5c   Section        0  ad.o(i.AD_Init)
    i.BusFault_Handler                       0x08001dfc   Section        0  stm32f10x_it.o(i.BusFault_Handler)
    i.DHT11_Check                            0x08001e00   Section        0  dht11.o(i.DHT11_Check)
    DHT11_Check                              0x08001e01   Thumb Code    82  dht11.o(i.DHT11_Check)
    i.DHT11_Init                             0x08001e58   Section        0  dht11.o(i.DHT11_Init)
    i.DHT11_Read_Bit                         0x08001e88   Section        0  dht11.o(i.DHT11_Read_Bit)
    DHT11_Read_Bit                           0x08001e89   Thumb Code    82  dht11.o(i.DHT11_Read_Bit)
    i.DHT11_Read_Byte                        0x08001ee0   Section        0  dht11.o(i.DHT11_Read_Byte)
    DHT11_Read_Byte                          0x08001ee1   Thumb Code    30  dht11.o(i.DHT11_Read_Byte)
    i.DHT11_Read_Data                        0x08001efe   Section        0  dht11.o(i.DHT11_Read_Data)
    i.DHT11_Rst                              0x08001f58   Section        0  dht11.o(i.DHT11_Rst)
    DHT11_Rst                                0x08001f59   Thumb Code    44  dht11.o(i.DHT11_Rst)
    i.DS_DIR_IN                              0x08001f88   Section        0  ds18b20.o(i.DS_DIR_IN)
    i.DS_DIR_OUT                             0x08001fb4   Section        0  ds18b20.o(i.DS_DIR_OUT)
    i.DebugMon_Handler                       0x08001fe0   Section        0  stm32f10x_it.o(i.DebugMon_Handler)
    i.Delay_ms                               0x08001fe2   Section        0  delay.o(i.Delay_ms)
    i.Delay_us                               0x08001ffa   Section        0  delay.o(i.Delay_us)
    i.ESP8266_Init                           0x08002028   Section        0  esp8266.o(i.ESP8266_Init)
    i.GPIO_Init                              0x0800237c   Section        0  stm32f10x_gpio.o(i.GPIO_Init)
    i.GPIO_ReadInputDataBit                  0x08002492   Section        0  stm32f10x_gpio.o(i.GPIO_ReadInputDataBit)
    i.GPIO_ResetBits                         0x080024a4   Section        0  stm32f10x_gpio.o(i.GPIO_ResetBits)
    i.GPIO_SETIN                             0x080024a8   Section        0  dht11.o(i.GPIO_SETIN)
    GPIO_SETIN                               0x080024a9   Thumb Code    16  dht11.o(i.GPIO_SETIN)
    i.GPIO_SETOUT                            0x080024c0   Section        0  dht11.o(i.GPIO_SETOUT)
    GPIO_SETOUT                              0x080024c1   Thumb Code    16  dht11.o(i.GPIO_SETOUT)
    i.GPIO_SetBits                           0x080024d8   Section        0  stm32f10x_gpio.o(i.GPIO_SetBits)
    i.GPIO_WriteBit                          0x080024dc   Section        0  stm32f10x_gpio.o(i.GPIO_WriteBit)
    i.HardFault_Handler                      0x080024e6   Section        0  stm32f10x_it.o(i.HardFault_Handler)
    i.Init_DS18B20                           0x080024ec   Section        0  ds18b20.o(i.Init_DS18B20)
    i.LED_Init                               0x080025a4   Section        0  led.o(i.LED_Init)
    i.MQTT_RX_messege                        0x08002608   Section        0  esp8266.o(i.MQTT_RX_messege)
    i.MQTT_TX_messege                        0x0800265c   Section        0  esp8266.o(i.MQTT_TX_messege)
    i.MemManage_Handler                      0x0800267c   Section        0  stm32f10x_it.o(i.MemManage_Handler)
    i.NMI_Handler                            0x08002680   Section        0  stm32f10x_it.o(i.NMI_Handler)
    i.NVIC_Init                              0x08002684   Section        0  misc.o(i.NVIC_Init)
    i.NVIC_PriorityGroupConfig               0x080026f4   Section        0  misc.o(i.NVIC_PriorityGroupConfig)
    i.OLED_Clear                             0x08002708   Section        0  oled.o(i.OLED_Clear)
    i.OLED_Init                              0x08002732   Section        0  oled.o(i.OLED_Init)
    i.OLED_Pow                               0x080027e0   Section        0  oled.o(i.OLED_Pow)
    i.OLED_SPI_Init                          0x080027f4   Section        0  oled.o(i.OLED_SPI_Init)
    i.OLED_SPI_SendByte                      0x080028a0   Section        0  oled.o(i.OLED_SPI_SendByte)
    i.OLED_SetCursor                         0x080028e0   Section        0  oled.o(i.OLED_SetCursor)
    i.OLED_ShowChar                          0x08002904   Section        0  oled.o(i.OLED_ShowChar)
    i.OLED_ShowNum                           0x08002978   Section        0  oled.o(i.OLED_ShowNum)
    i.OLED_ShowString                        0x080029bc   Section        0  oled.o(i.OLED_ShowString)
    i.OLED_WriteCommand                      0x080029e4   Section        0  oled.o(i.OLED_WriteCommand)
    i.OLED_WriteData                         0x08002a1c   Section        0  oled.o(i.OLED_WriteData)
    i.PendSV_Handler                         0x08002a50   Section        0  stm32f10x_it.o(i.PendSV_Handler)
    i.RCC_ADCCLKConfig                       0x08002a54   Section        0  stm32f10x_rcc.o(i.RCC_ADCCLKConfig)
    i.RCC_APB2PeriphClockCmd                 0x08002a6c   Section        0  stm32f10x_rcc.o(i.RCC_APB2PeriphClockCmd)
    i.RCC_GetClocksFreq                      0x08002a8c   Section        0  stm32f10x_rcc.o(i.RCC_GetClocksFreq)
    i.ReadOneChar                            0x08002b60   Section        0  ds18b20.o(i.ReadOneChar)
    i.ReadSoilTemperature                    0x08002b80   Section        0  ds18b20.o(i.ReadSoilTemperature)
    i.Read_Bit                               0x08002cbc   Section        0  ds18b20.o(i.Read_Bit)
    i.SVC_Handler                            0x08002cf4   Section        0  stm32f10x_it.o(i.SVC_Handler)
    i.Serial_Init                            0x08002cf8   Section        0  usart.o(i.Serial_Init)
    i.Serial_Printf                          0x08002dac   Section        0  usart.o(i.Serial_Printf)
    i.Serial_SendByte                        0x08002dd0   Section        0  usart.o(i.Serial_SendByte)
    i.Serial_SendString                      0x08002df0   Section        0  usart.o(i.Serial_SendString)
    i.SetSysClock                            0x08002e0a   Section        0  system_stm32f10x.o(i.SetSysClock)
    SetSysClock                              0x08002e0b   Thumb Code     8  system_stm32f10x.o(i.SetSysClock)
    i.SetSysClockTo72                        0x08002e14   Section        0  system_stm32f10x.o(i.SetSysClockTo72)
    SetSysClockTo72                          0x08002e15   Thumb Code   214  system_stm32f10x.o(i.SetSysClockTo72)
    i.SysTick_Handler                        0x08002ef4   Section        0  stm32f10x_it.o(i.SysTick_Handler)
    i.SystemInit                             0x08002ef8   Section        0  system_stm32f10x.o(i.SystemInit)
    i.USART1_IRQHandler                      0x08002f58   Section        0  usart.o(i.USART1_IRQHandler)
    i.USART_ClearITPendingBit                0x08002fd0   Section        0  stm32f10x_usart.o(i.USART_ClearITPendingBit)
    i.USART_Cmd                              0x08002fee   Section        0  stm32f10x_usart.o(i.USART_Cmd)
    i.USART_GetFlagStatus                    0x08003006   Section        0  stm32f10x_usart.o(i.USART_GetFlagStatus)
    i.USART_GetITStatus                      0x08003020   Section        0  stm32f10x_usart.o(i.USART_GetITStatus)
    i.USART_ITConfig                         0x08003074   Section        0  stm32f10x_usart.o(i.USART_ITConfig)
    i.USART_Init                             0x080030c0   Section        0  stm32f10x_usart.o(i.USART_Init)
    i.USART_ReceiveData                      0x08003198   Section        0  stm32f10x_usart.o(i.USART_ReceiveData)
    i.USART_SendData                         0x080031a2   Section        0  stm32f10x_usart.o(i.USART_SendData)
    i.UsageFault_Handler                     0x080031aa   Section        0  stm32f10x_it.o(i.UsageFault_Handler)
    i.WriteOneChar                           0x080031ae   Section        0  ds18b20.o(i.WriteOneChar)
    i.Write_Bit_0                            0x080031d8   Section        0  ds18b20.o(i.Write_Bit_0)
    i.Write_Bit_1                            0x08003200   Section        0  ds18b20.o(i.Write_Bit_1)
    i.__ARM_fpclassify                       0x08003228   Section        0  fpclassify.o(i.__ARM_fpclassify)
    i._is_digit                              0x08003250   Section        0  __printf_wp.o(i._is_digit)
    i.buf_clear                              0x08003260   Section        0  usart.o(i.buf_clear)
    i.get_soilhumi                           0x0800327c   Section        0  ad.o(i.get_soilhumi)
    i.main                                   0x08003294   Section        0  main.o(i.main)
    i.my_OLED_ShowChar                       0x080034c4   Section        0  oled.o(i.my_OLED_ShowChar)
    locale$$code                             0x08003530   Section       44  lc_numeric_c.o(locale$$code)
    locale$$code                             0x0800355c   Section       44  lc_ctype_c.o(locale$$code)
    x$fpl$dfixu                              0x08003588   Section       90  dfixu.o(x$fpl$dfixu)
    x$fpl$dfltu                              0x080035e2   Section       38  dflt_clz.o(x$fpl$dfltu)
    x$fpl$dmul                               0x08003608   Section      340  dmul.o(x$fpl$dmul)
    x$fpl$dnaninf                            0x0800375c   Section      156  dnaninf.o(x$fpl$dnaninf)
    x$fpl$dretinf                            0x080037f8   Section       12  dretinf.o(x$fpl$dretinf)
    x$fpl$printf1                            0x08003804   Section        4  printf1.o(x$fpl$printf1)
    x$fpl$printf2                            0x08003808   Section        4  printf2.o(x$fpl$printf2)
    .constdata                               0x0800380c   Section     1536  oled.o(.constdata)
    x$fpl$usenofp                            0x0800380c   Section        0  usenofp.o(x$fpl$usenofp)
    .constdata                               0x08003e0c   Section        8  _printf_wctomb.o(.constdata)
    initial_mbstate                          0x08003e0c   Data           8  _printf_wctomb.o(.constdata)
    .constdata                               0x08003e14   Section       40  _printf_hex_int_ll_ptr.o(.constdata)
    uc_hextab                                0x08003e14   Data          20  _printf_hex_int_ll_ptr.o(.constdata)
    lc_hextab                                0x08003e28   Data          20  _printf_hex_int_ll_ptr.o(.constdata)
    .constdata                               0x08003e3c   Section       17  __printf_flags_ss_wp.o(.constdata)
    maptable                                 0x08003e3c   Data          17  __printf_flags_ss_wp.o(.constdata)
    .constdata                               0x08003e4d   Section       38  _printf_fp_hex.o(.constdata)
    lc_hextab                                0x08003e4d   Data          19  _printf_fp_hex.o(.constdata)
    uc_hextab                                0x08003e60   Data          19  _printf_fp_hex.o(.constdata)
    .constdata                               0x08003e74   Section      148  bigflt0.o(.constdata)
    tenpwrs_x                                0x08003e74   Data          60  bigflt0.o(.constdata)
    tenpwrs_i                                0x08003eb0   Data          64  bigflt0.o(.constdata)
    .conststring                             0x08003f08   Section      470  esp8266.o(.conststring)
    locale$$data                             0x08004100   Section       28  lc_numeric_c.o(locale$$data)
    __lcnum_c_name                           0x08004104   Data           2  lc_numeric_c.o(locale$$data)
    __lcnum_c_start                          0x0800410c   Data           0  lc_numeric_c.o(locale$$data)
    __lcnum_c_point                          0x08004118   Data           0  lc_numeric_c.o(locale$$data)
    __lcnum_c_thousands                      0x0800411a   Data           0  lc_numeric_c.o(locale$$data)
    __lcnum_c_grouping                       0x0800411b   Data           0  lc_numeric_c.o(locale$$data)
    locale$$data                             0x0800411c   Section      272  lc_ctype_c.o(locale$$data)
    __lcnum_c_end                            0x0800411c   Data           0  lc_numeric_c.o(locale$$data)
    __lcctype_c_name                         0x08004120   Data           2  lc_ctype_c.o(locale$$data)
    __lcctype_c_start                        0x08004128   Data           0  lc_ctype_c.o(locale$$data)
    __lcctype_c_end                          0x0800422c   Data           0  lc_ctype_c.o(locale$$data)
    .data                                    0x20000000   Section       20  stm32f10x_rcc.o(.data)
    APBAHBPrescTable                         0x20000000   Data          16  stm32f10x_rcc.o(.data)
    ADCPrescTable                            0x20000010   Data           4  stm32f10x_rcc.o(.data)
    .data                                    0x20000014   Section        6  main.o(.data)
    .data                                    0x2000001a   Section        4  dht11.o(.data)
    .data                                    0x2000001e   Section        4  usart.o(.data)
    .data                                    0x20000024   Section       16  ds18b20.o(.data)
    .bss                                     0x20000034   Section      400  usart.o(.bss)
    .bss                                     0x200001c4   Section       96  libspace.o(.bss)
    HEAP                                     0x20000228   Section      512  startup_stm32f10x_md.o(HEAP)
    Heap_Mem                                 0x20000228   Data         512  startup_stm32f10x_md.o(HEAP)
    STACK                                    0x20000428   Section     1024  startup_stm32f10x_md.o(STACK)
    Stack_Mem                                0x20000428   Data        1024  startup_stm32f10x_md.o(STACK)
    __initial_sp                             0x20000828   Data           0  startup_stm32f10x_md.o(STACK)

    Global Symbols

    Symbol Name                              Value     Ov Type        Size  Object(Section)

    BuildAttributes$$THM_ISAv4$P$D$K$B$S$PE$A:L22UL41UL21$X:L11$S22US41US21$IEEE1$IW$USESV6$~STKCKD$USESV7$~SHL$OTIME$ROPI$IEEEJ$EBA8$UX$STANDARDLIB$REQ8$PRES8$EABIv2 0x00000000   Number         0  anon$$obj.o ABSOLUTE
    __ARM_use_no_argv                        0x00000000   Number         0  main.o ABSOLUTE
    _printf_flags                            0x00000000   Number         0  printf_stubs.o ABSOLUTE
    _printf_return_value                     0x00000000   Number         0  printf_stubs.o ABSOLUTE
    _printf_sizespec                         0x00000000   Number         0  printf_stubs.o ABSOLUTE
    _printf_widthprec                        0x00000000   Number         0  printf_stubs.o ABSOLUTE
    __ARM_exceptions_init                     - Undefined Weak Reference
    __alloca_initialize                       - Undefined Weak Reference
    __arm_preinit_                            - Undefined Weak Reference
    __cpp_initialize__aeabi_                  - Undefined Weak Reference
    __cxa_finalize                            - Undefined Weak Reference
    __sigvec_lookup                           - Undefined Weak Reference
    _atexit_init                              - Undefined Weak Reference
    _call_atexit_fns                          - Undefined Weak Reference
    _clock_init                               - Undefined Weak Reference
    _fp_trap_init                             - Undefined Weak Reference
    _fp_trap_shutdown                         - Undefined Weak Reference
    _get_lc_collate                           - Undefined Weak Reference
    _get_lc_monetary                          - Undefined Weak Reference
    _get_lc_time                              - Undefined Weak Reference
    _getenv_init                              - Undefined Weak Reference
    _handle_redirection                       - Undefined Weak Reference
    _init_alloc                               - Undefined Weak Reference
    _init_user_alloc                          - Undefined Weak Reference
    _initio                                   - Undefined Weak Reference
    _printf_mbtowc                            - Undefined Weak Reference
    _printf_wc                                - Undefined Weak Reference
    _rand_init                                - Undefined Weak Reference
    _signal_finish                            - Undefined Weak Reference
    _signal_init                              - Undefined Weak Reference
    _terminate_alloc                          - Undefined Weak Reference
    _terminate_user_alloc                     - Undefined Weak Reference
    _terminateio                              - Undefined Weak Reference
    __Vectors_Size                           0x000000ec   Number         0  startup_stm32f10x_md.o ABSOLUTE
    __Vectors                                0x08000000   Data           4  startup_stm32f10x_md.o(RESET)
    __Vectors_End                            0x080000ec   Data           0  startup_stm32f10x_md.o(RESET)
    __main                                   0x080000ed   Thumb Code     8  __main.o(!!!main)
    __scatterload                            0x080000f5   Thumb Code     0  __scatter.o(!!!scatter)
    __scatterload_rt2                        0x080000f5   Thumb Code    44  __scatter.o(!!!scatter)
    __scatterload_rt2_thumb_only             0x080000f5   Thumb Code     0  __scatter.o(!!!scatter)
    __scatterload_null                       0x08000103   Thumb Code     0  __scatter.o(!!!scatter)
    __scatterload_copy                       0x08000129   Thumb Code    26  __scatter_copy.o(!!handler_copy)
    __scatterload_zeroinit                   0x08000145   Thumb Code    28  __scatter_zi.o(!!handler_zi)
    _printf_n                                0x08000161   Thumb Code     0  _printf_n.o(.ARM.Collect$$_printf_percent$$00000001)
    _printf_percent                          0x08000161   Thumb Code     0  _printf_percent.o(.ARM.Collect$$_printf_percent$$00000000)
    _printf_p                                0x08000167   Thumb Code     0  _printf_p.o(.ARM.Collect$$_printf_percent$$00000002)
    _printf_f                                0x0800016d   Thumb Code     0  _printf_f.o(.ARM.Collect$$_printf_percent$$00000003)
    _printf_e                                0x08000173   Thumb Code     0  _printf_e.o(.ARM.Collect$$_printf_percent$$00000004)
    _printf_g                                0x08000179   Thumb Code     0  _printf_g.o(.ARM.Collect$$_printf_percent$$00000005)
    _printf_a                                0x0800017f   Thumb Code     0  _printf_a.o(.ARM.Collect$$_printf_percent$$00000006)
    _printf_ll                               0x08000185   Thumb Code     0  _printf_ll.o(.ARM.Collect$$_printf_percent$$00000007)
    _printf_i                                0x0800018f   Thumb Code     0  _printf_i.o(.ARM.Collect$$_printf_percent$$00000008)
    _printf_d                                0x08000195   Thumb Code     0  _printf_d.o(.ARM.Collect$$_printf_percent$$00000009)
    _printf_u                                0x0800019b   Thumb Code     0  _printf_u.o(.ARM.Collect$$_printf_percent$$0000000A)
    _printf_o                                0x080001a1   Thumb Code     0  _printf_o.o(.ARM.Collect$$_printf_percent$$0000000B)
    _printf_x                                0x080001a7   Thumb Code     0  _printf_x.o(.ARM.Collect$$_printf_percent$$0000000C)
    _printf_lli                              0x080001ad   Thumb Code     0  _printf_lli.o(.ARM.Collect$$_printf_percent$$0000000D)
    _printf_lld                              0x080001b3   Thumb Code     0  _printf_lld.o(.ARM.Collect$$_printf_percent$$0000000E)
    _printf_llu                              0x080001b9   Thumb Code     0  _printf_llu.o(.ARM.Collect$$_printf_percent$$0000000F)
    _printf_llo                              0x080001bf   Thumb Code     0  _printf_llo.o(.ARM.Collect$$_printf_percent$$00000010)
    _printf_llx                              0x080001c5   Thumb Code     0  _printf_llx.o(.ARM.Collect$$_printf_percent$$00000011)
    _printf_l                                0x080001cb   Thumb Code     0  _printf_l.o(.ARM.Collect$$_printf_percent$$00000012)
    _printf_c                                0x080001d5   Thumb Code     0  _printf_c.o(.ARM.Collect$$_printf_percent$$00000013)
    _printf_s                                0x080001db   Thumb Code     0  _printf_s.o(.ARM.Collect$$_printf_percent$$00000014)
    _printf_lc                               0x080001e1   Thumb Code     0  _printf_lc.o(.ARM.Collect$$_printf_percent$$00000015)
    _printf_ls                               0x080001e7   Thumb Code     0  _printf_ls.o(.ARM.Collect$$_printf_percent$$00000016)
    _printf_percent_end                      0x080001ed   Thumb Code     0  _printf_percent_end.o(.ARM.Collect$$_printf_percent$$00000017)
    __rt_lib_init                            0x080001f1   Thumb Code     0  libinit.o(.ARM.Collect$$libinit$$00000000)
    __rt_lib_init_fp_1                       0x080001f3   Thumb Code     0  libinit2.o(.ARM.Collect$$libinit$$00000002)
    __rt_lib_init_heap_1                     0x080001f3   Thumb Code     0  libinit2.o(.ARM.Collect$$libinit$$0000000A)
    __rt_lib_init_lc_common                  0x080001f3   Thumb Code     0  libinit2.o(.ARM.Collect$$libinit$$0000000F)
    __rt_lib_init_preinit_1                  0x080001f3   Thumb Code     0  libinit2.o(.ARM.Collect$$libinit$$00000004)
    __rt_lib_init_rand_1                     0x080001f3   Thumb Code     0  libinit2.o(.ARM.Collect$$libinit$$0000000E)
    __rt_lib_init_user_alloc_1               0x080001f3   Thumb Code     0  libinit2.o(.ARM.Collect$$libinit$$0000000C)
    __rt_lib_init_lc_collate_1               0x080001f9   Thumb Code     0  libinit2.o(.ARM.Collect$$libinit$$00000011)
    __rt_lib_init_lc_ctype_2                 0x080001f9   Thumb Code     0  libinit2.o(.ARM.Collect$$libinit$$00000012)
    __rt_lib_init_lc_ctype_1                 0x08000205   Thumb Code     0  libinit2.o(.ARM.Collect$$libinit$$00000013)
    __rt_lib_init_lc_monetary_1              0x08000205   Thumb Code     0  libinit2.o(.ARM.Collect$$libinit$$00000015)
    __rt_lib_init_lc_numeric_2               0x08000205   Thumb Code     0  libinit2.o(.ARM.Collect$$libinit$$00000016)
    __rt_lib_init_alloca_1                   0x0800020f   Thumb Code     0  libinit2.o(.ARM.Collect$$libinit$$0000002E)
    __rt_lib_init_argv_1                     0x0800020f   Thumb Code     0  libinit2.o(.ARM.Collect$$libinit$$0000002C)
    __rt_lib_init_atexit_1                   0x0800020f   Thumb Code     0  libinit2.o(.ARM.Collect$$libinit$$0000001B)
    __rt_lib_init_clock_1                    0x0800020f   Thumb Code     0  libinit2.o(.ARM.Collect$$libinit$$00000021)
    __rt_lib_init_cpp_1                      0x0800020f   Thumb Code     0  libinit2.o(.ARM.Collect$$libinit$$00000032)
    __rt_lib_init_exceptions_1               0x0800020f   Thumb Code     0  libinit2.o(.ARM.Collect$$libinit$$00000030)
    __rt_lib_init_fp_trap_1                  0x0800020f   Thumb Code     0  libinit2.o(.ARM.Collect$$libinit$$0000001F)
    __rt_lib_init_getenv_1                   0x0800020f   Thumb Code     0  libinit2.o(.ARM.Collect$$libinit$$00000023)
    __rt_lib_init_lc_numeric_1               0x0800020f   Thumb Code     0  libinit2.o(.ARM.Collect$$libinit$$00000017)
    __rt_lib_init_lc_time_1                  0x0800020f   Thumb Code     0  libinit2.o(.ARM.Collect$$libinit$$00000019)
    __rt_lib_init_return                     0x0800020f   Thumb Code     0  libinit2.o(.ARM.Collect$$libinit$$00000033)
    __rt_lib_init_signal_1                   0x0800020f   Thumb Code     0  libinit2.o(.ARM.Collect$$libinit$$0000001D)
    __rt_lib_init_stdio_1                    0x0800020f   Thumb Code     0  libinit2.o(.ARM.Collect$$libinit$$00000025)
    __rt_lib_shutdown                        0x08000211   Thumb Code     0  libshutdown.o(.ARM.Collect$$libshutdown$$00000000)
    __rt_lib_shutdown_cpp_1                  0x08000213   Thumb Code     0  libshutdown2.o(.ARM.Collect$$libshutdown$$00000002)
    __rt_lib_shutdown_fp_trap_1              0x08000213   Thumb Code     0  libshutdown2.o(.ARM.Collect$$libshutdown$$00000007)
    __rt_lib_shutdown_heap_1                 0x08000213   Thumb Code     0  libshutdown2.o(.ARM.Collect$$libshutdown$$0000000F)
    __rt_lib_shutdown_return                 0x08000213   Thumb Code     0  libshutdown2.o(.ARM.Collect$$libshutdown$$00000010)
    __rt_lib_shutdown_signal_1               0x08000213   Thumb Code     0  libshutdown2.o(.ARM.Collect$$libshutdown$$0000000A)
    __rt_lib_shutdown_stdio_1                0x08000213   Thumb Code     0  libshutdown2.o(.ARM.Collect$$libshutdown$$00000004)
    __rt_lib_shutdown_user_alloc_1           0x08000213   Thumb Code     0  libshutdown2.o(.ARM.Collect$$libshutdown$$0000000C)
    __rt_entry                               0x08000215   Thumb Code     0  __rtentry.o(.ARM.Collect$$rtentry$$00000000)
    __rt_entry_presh_1                       0x08000215   Thumb Code     0  __rtentry2.o(.ARM.Collect$$rtentry$$00000002)
    __rt_entry_sh                            0x08000215   Thumb Code     0  __rtentry4.o(.ARM.Collect$$rtentry$$00000004)
    __rt_entry_li                            0x0800021b   Thumb Code     0  __rtentry2.o(.ARM.Collect$$rtentry$$0000000A)
    __rt_entry_postsh_1                      0x0800021b   Thumb Code     0  __rtentry2.o(.ARM.Collect$$rtentry$$00000009)
    __rt_entry_main                          0x0800021f   Thumb Code     0  __rtentry2.o(.ARM.Collect$$rtentry$$0000000D)
    __rt_entry_postli_1                      0x0800021f   Thumb Code     0  __rtentry2.o(.ARM.Collect$$rtentry$$0000000C)
    __rt_exit                                0x08000227   Thumb Code     0  rtexit.o(.ARM.Collect$$rtexit$$00000000)
    __rt_exit_ls                             0x08000229   Thumb Code     0  rtexit2.o(.ARM.Collect$$rtexit$$00000003)
    __rt_exit_prels_1                        0x08000229   Thumb Code     0  rtexit2.o(.ARM.Collect$$rtexit$$00000002)
    __rt_exit_exit                           0x0800022d   Thumb Code     0  rtexit2.o(.ARM.Collect$$rtexit$$00000004)
    Reset_Handler                            0x08000235   Thumb Code     8  startup_stm32f10x_md.o(.text)
    ADC1_2_IRQHandler                        0x0800024f   Thumb Code     0  startup_stm32f10x_md.o(.text)
    CAN1_RX1_IRQHandler                      0x0800024f   Thumb Code     0  startup_stm32f10x_md.o(.text)
    CAN1_SCE_IRQHandler                      0x0800024f   Thumb Code     0  startup_stm32f10x_md.o(.text)
    DMA1_Channel1_IRQHandler                 0x0800024f   Thumb Code     0  startup_stm32f10x_md.o(.text)
    DMA1_Channel2_IRQHandler                 0x0800024f   Thumb Code     0  startup_stm32f10x_md.o(.text)
    DMA1_Channel3_IRQHandler                 0x0800024f   Thumb Code     0  startup_stm32f10x_md.o(.text)
    DMA1_Channel4_IRQHandler                 0x0800024f   Thumb Code     0  startup_stm32f10x_md.o(.text)
    DMA1_Channel5_IRQHandler                 0x0800024f   Thumb Code     0  startup_stm32f10x_md.o(.text)
    DMA1_Channel6_IRQHandler                 0x0800024f   Thumb Code     0  startup_stm32f10x_md.o(.text)
    DMA1_Channel7_IRQHandler                 0x0800024f   Thumb Code     0  startup_stm32f10x_md.o(.text)
    EXTI0_IRQHandler                         0x0800024f   Thumb Code     0  startup_stm32f10x_md.o(.text)
    EXTI15_10_IRQHandler                     0x0800024f   Thumb Code     0  startup_stm32f10x_md.o(.text)
    EXTI1_IRQHandler                         0x0800024f   Thumb Code     0  startup_stm32f10x_md.o(.text)
    EXTI2_IRQHandler                         0x0800024f   Thumb Code     0  startup_stm32f10x_md.o(.text)
    EXTI3_IRQHandler                         0x0800024f   Thumb Code     0  startup_stm32f10x_md.o(.text)
    EXTI4_IRQHandler                         0x0800024f   Thumb Code     0  startup_stm32f10x_md.o(.text)
    EXTI9_5_IRQHandler                       0x0800024f   Thumb Code     0  startup_stm32f10x_md.o(.text)
    FLASH_IRQHandler                         0x0800024f   Thumb Code     0  startup_stm32f10x_md.o(.text)
    I2C1_ER_IRQHandler                       0x0800024f   Thumb Code     0  startup_stm32f10x_md.o(.text)
    I2C1_EV_IRQHandler                       0x0800024f   Thumb Code     0  startup_stm32f10x_md.o(.text)
    I2C2_ER_IRQHandler                       0x0800024f   Thumb Code     0  startup_stm32f10x_md.o(.text)
    I2C2_EV_IRQHandler                       0x0800024f   Thumb Code     0  startup_stm32f10x_md.o(.text)
    PVD_IRQHandler                           0x0800024f   Thumb Code     0  startup_stm32f10x_md.o(.text)
    RCC_IRQHandler                           0x0800024f   Thumb Code     0  startup_stm32f10x_md.o(.text)
    RTCAlarm_IRQHandler                      0x0800024f   Thumb Code     0  startup_stm32f10x_md.o(.text)
    RTC_IRQHandler                           0x0800024f   Thumb Code     0  startup_stm32f10x_md.o(.text)
    SPI1_IRQHandler                          0x0800024f   Thumb Code     0  startup_stm32f10x_md.o(.text)
    SPI2_IRQHandler                          0x0800024f   Thumb Code     0  startup_stm32f10x_md.o(.text)
    TAMPER_IRQHandler                        0x0800024f   Thumb Code     0  startup_stm32f10x_md.o(.text)
    TIM1_BRK_IRQHandler                      0x0800024f   Thumb Code     0  startup_stm32f10x_md.o(.text)
    TIM1_CC_IRQHandler                       0x0800024f   Thumb Code     0  startup_stm32f10x_md.o(.text)
    TIM1_TRG_COM_IRQHandler                  0x0800024f   Thumb Code     0  startup_stm32f10x_md.o(.text)
    TIM1_UP_IRQHandler                       0x0800024f   Thumb Code     0  startup_stm32f10x_md.o(.text)
    TIM2_IRQHandler                          0x0800024f   Thumb Code     0  startup_stm32f10x_md.o(.text)
    TIM3_IRQHandler                          0x0800024f   Thumb Code     0  startup_stm32f10x_md.o(.text)
    TIM4_IRQHandler                          0x0800024f   Thumb Code     0  startup_stm32f10x_md.o(.text)
    USART2_IRQHandler                        0x0800024f   Thumb Code     0  startup_stm32f10x_md.o(.text)
    USART3_IRQHandler                        0x0800024f   Thumb Code     0  startup_stm32f10x_md.o(.text)
    USBWakeUp_IRQHandler                     0x0800024f   Thumb Code     0  startup_stm32f10x_md.o(.text)
    USB_HP_CAN1_TX_IRQHandler                0x0800024f   Thumb Code     0  startup_stm32f10x_md.o(.text)
    USB_LP_CAN1_RX0_IRQHandler               0x0800024f   Thumb Code     0  startup_stm32f10x_md.o(.text)
    WWDG_IRQHandler                          0x0800024f   Thumb Code     0  startup_stm32f10x_md.o(.text)
    __user_initial_stackheap                 0x08000251   Thumb Code     0  startup_stm32f10x_md.o(.text)
    vsprintf                                 0x08000275   Thumb Code    32  vsprintf.o(.text)
    strstr                                   0x08000299   Thumb Code    36  strstr.o(.text)
    __aeabi_memclr                           0x080002bd   Thumb Code     0  rt_memclr.o(.text)
    __rt_memclr                              0x080002bd   Thumb Code    68  rt_memclr.o(.text)
    _memset                                  0x080002c1   Thumb Code     0  rt_memclr.o(.text)
    __use_two_region_memory                  0x08000301   Thumb Code     2  heapauxi.o(.text)
    __rt_heap_escrow$2region                 0x08000303   Thumb Code     2  heapauxi.o(.text)
    __rt_heap_expand$2region                 0x08000305   Thumb Code     2  heapauxi.o(.text)
    _printf_pre_padding                      0x08000307   Thumb Code    44  _printf_pad.o(.text)
    _printf_post_padding                     0x08000333   Thumb Code    34  _printf_pad.o(.text)
    _printf_truncate_signed                  0x08000355   Thumb Code    18  _printf_truncate.o(.text)
    _printf_truncate_unsigned                0x08000367   Thumb Code    18  _printf_truncate.o(.text)
    _printf_str                              0x08000379   Thumb Code    82  _printf_str.o(.text)
    _printf_int_dec                          0x080003cd   Thumb Code   104  _printf_dec.o(.text)
    _printf_charcount                        0x08000445   Thumb Code    40  _printf_charcount.o(.text)
    _printf_char_common                      0x08000477   Thumb Code    32  _printf_char_common.o(.text)
    _sputc                                   0x0800049d   Thumb Code    10  _sputc.o(.text)
    _printf_wctomb                           0x080004a9   Thumb Code   182  _printf_wctomb.o(.text)
    _printf_longlong_dec                     0x08000565   Thumb Code   108  _printf_longlong_dec.o(.text)
    _printf_longlong_oct                     0x080005e1   Thumb Code    66  _printf_oct_int_ll.o(.text)
    _printf_int_oct                          0x08000623   Thumb Code    24  _printf_oct_int_ll.o(.text)
    _printf_ll_oct                           0x0800063b   Thumb Code    12  _printf_oct_int_ll.o(.text)
    _printf_longlong_hex                     0x08000651   Thumb Code    86  _printf_hex_int_ll_ptr.o(.text)
    _printf_int_hex                          0x080006a7   Thumb Code    28  _printf_hex_int_ll_ptr.o(.text)
    _printf_ll_hex                           0x080006c3   Thumb Code    12  _printf_hex_int_ll_ptr.o(.text)
    _printf_hex_ptr                          0x080006cf   Thumb Code    18  _printf_hex_int_ll_ptr.o(.text)
    __printf                                 0x080006e5   Thumb Code   388  __printf_flags_ss_wp.o(.text)
    __aeabi_memclr4                          0x0800086d   Thumb Code     0  rt_memclr_w.o(.text)
    __aeabi_memclr8                          0x0800086d   Thumb Code     0  rt_memclr_w.o(.text)
    __rt_memclr_w                            0x0800086d   Thumb Code    78  rt_memclr_w.o(.text)
    _memset_w                                0x08000871   Thumb Code     0  rt_memclr_w.o(.text)
    _ll_udiv10                               0x080008bb   Thumb Code   138  lludiv10.o(.text)
    _printf_int_common                       0x08000945   Thumb Code   178  _printf_intcommon.o(.text)
    __lib_sel_fp_printf                      0x080009f7   Thumb Code     2  _printf_fp_dec.o(.text)
    _printf_fp_dec_real                      0x08000ba9   Thumb Code   620  _printf_fp_dec.o(.text)
    _printf_fp_hex_real                      0x08000e15   Thumb Code   756  _printf_fp_hex.o(.text)
    _printf_cs_common                        0x08001111   Thumb Code    20  _printf_char.o(.text)
    _printf_char                             0x08001125   Thumb Code    16  _printf_char.o(.text)
    _printf_string                           0x08001135   Thumb Code     8  _printf_char.o(.text)
    _printf_lcs_common                       0x0800113d   Thumb Code    20  _printf_wchar.o(.text)
    _printf_wchar                            0x08001151   Thumb Code    16  _printf_wchar.o(.text)
    _printf_wstring                          0x08001161   Thumb Code     8  _printf_wchar.o(.text)
    _wcrtomb                                 0x08001169   Thumb Code    64  _wcrtomb.o(.text)
    __user_setup_stackheap                   0x080011a9   Thumb Code    74  sys_stackheap_outer.o(.text)
    __rt_ctype_table                         0x080011f5   Thumb Code    16  rt_ctype_table.o(.text)
    __rt_locale                              0x08001205   Thumb Code     8  rt_locale_intlibspace.o(.text)
    _printf_fp_infnan                        0x0800120d   Thumb Code   112  _printf_fp_infnan.o(.text)
    _btod_etento                             0x0800128d   Thumb Code   224  bigflt0.o(.text)
    exit                                     0x08001371   Thumb Code    18  exit.o(.text)
    __user_libspace                          0x08001385   Thumb Code     8  libspace.o(.text)
    __user_perproc_libspace                  0x08001385   Thumb Code     0  libspace.o(.text)
    __user_perthread_libspace                0x08001385   Thumb Code     0  libspace.o(.text)
    strcmp                                   0x0800138d   Thumb Code   128  strcmpv7m.o(.text)
    _sys_exit                                0x0800140d   Thumb Code     8  sys_exit.o(.text)
    __I$use$semihosting                      0x08001419   Thumb Code     0  use_no_semi.o(.text)
    __use_no_semihosting_swi                 0x08001419   Thumb Code     2  use_no_semi.o(.text)
    __semihosting_library_function           0x0800141b   Thumb Code     0  indicate_semi.o(.text)
    _btod_d2e                                0x0800141b   Thumb Code    62  btod.o(CL$$btod_d2e)
    _d2e_denorm_low                          0x08001459   Thumb Code    70  btod.o(CL$$btod_d2e_denorm_low)
    _d2e_norm_op1                            0x0800149f   Thumb Code    96  btod.o(CL$$btod_d2e_norm_op1)
    __btod_div_common                        0x080014ff   Thumb Code   696  btod.o(CL$$btod_div_common)
    _e2e                                     0x08001837   Thumb Code   220  btod.o(CL$$btod_e2e)
    _btod_ediv                               0x08001913   Thumb Code    42  btod.o(CL$$btod_ediv)
    _btod_emul                               0x0800193d   Thumb Code    42  btod.o(CL$$btod_emul)
    __btod_mult_common                       0x08001967   Thumb Code   580  btod.o(CL$$btod_mult_common)
    ADC_Cmd                                  0x08001bab   Thumb Code    22  stm32f10x_adc.o(i.ADC_Cmd)
    ADC_GetCalibrationStatus                 0x08001bc1   Thumb Code    20  stm32f10x_adc.o(i.ADC_GetCalibrationStatus)
    ADC_GetConversionValue                   0x08001bd5   Thumb Code     8  stm32f10x_adc.o(i.ADC_GetConversionValue)
    ADC_GetFlagStatus                        0x08001bdd   Thumb Code    18  stm32f10x_adc.o(i.ADC_GetFlagStatus)
    ADC_GetResetCalibrationStatus            0x08001bef   Thumb Code    20  stm32f10x_adc.o(i.ADC_GetResetCalibrationStatus)
    ADC_Init                                 0x08001c05   Thumb Code    70  stm32f10x_adc.o(i.ADC_Init)
    ADC_RegularChannelConfig                 0x08001c55   Thumb Code   184  stm32f10x_adc.o(i.ADC_RegularChannelConfig)
    ADC_ResetCalibration                     0x08001d0d   Thumb Code    10  stm32f10x_adc.o(i.ADC_ResetCalibration)
    ADC_SoftwareStartConvCmd                 0x08001d17   Thumb Code    22  stm32f10x_adc.o(i.ADC_SoftwareStartConvCmd)
    ADC_StartCalibration                     0x08001d2d   Thumb Code    10  stm32f10x_adc.o(i.ADC_StartCalibration)
    AD_GetValue                              0x08001d39   Thumb Code    32  ad.o(i.AD_GetValue)
    AD_Init                                  0x08001d5d   Thumb Code   150  ad.o(i.AD_Init)
    BusFault_Handler                         0x08001dfd   Thumb Code     4  stm32f10x_it.o(i.BusFault_Handler)
    DHT11_Init                               0x08001e59   Thumb Code    40  dht11.o(i.DHT11_Init)
    DHT11_Read_Data                          0x08001eff   Thumb Code    90  dht11.o(i.DHT11_Read_Data)
    DS_DIR_IN                                0x08001f89   Thumb Code    40  ds18b20.o(i.DS_DIR_IN)
    DS_DIR_OUT                               0x08001fb5   Thumb Code    38  ds18b20.o(i.DS_DIR_OUT)
    DebugMon_Handler                         0x08001fe1   Thumb Code     2  stm32f10x_it.o(i.DebugMon_Handler)
    Delay_ms                                 0x08001fe3   Thumb Code    24  delay.o(i.Delay_ms)
    Delay_us                                 0x08001ffb   Thumb Code    46  delay.o(i.Delay_us)
    ESP8266_Init                             0x08002029   Thumb Code   584  esp8266.o(i.ESP8266_Init)
    GPIO_Init                                0x0800237d   Thumb Code   278  stm32f10x_gpio.o(i.GPIO_Init)
    GPIO_ReadInputDataBit                    0x08002493   Thumb Code    18  stm32f10x_gpio.o(i.GPIO_ReadInputDataBit)
    GPIO_ResetBits                           0x080024a5   Thumb Code     4  stm32f10x_gpio.o(i.GPIO_ResetBits)
    GPIO_SetBits                             0x080024d9   Thumb Code     4  stm32f10x_gpio.o(i.GPIO_SetBits)
    GPIO_WriteBit                            0x080024dd   Thumb Code    10  stm32f10x_gpio.o(i.GPIO_WriteBit)
    HardFault_Handler                        0x080024e7   Thumb Code     4  stm32f10x_it.o(i.HardFault_Handler)
    Init_DS18B20                             0x080024ed   Thumb Code   146  ds18b20.o(i.Init_DS18B20)
    LED_Init                                 0x080025a5   Thumb Code    92  led.o(i.LED_Init)
    MQTT_RX_messege                          0x08002609   Thumb Code    50  esp8266.o(i.MQTT_RX_messege)
    MQTT_TX_messege                          0x0800265d   Thumb Code    28  esp8266.o(i.MQTT_TX_messege)
    MemManage_Handler                        0x0800267d   Thumb Code     4  stm32f10x_it.o(i.MemManage_Handler)
    NMI_Handler                              0x08002681   Thumb Code     2  stm32f10x_it.o(i.NMI_Handler)
    NVIC_Init                                0x08002685   Thumb Code   100  misc.o(i.NVIC_Init)
    NVIC_PriorityGroupConfig                 0x080026f5   Thumb Code    10  misc.o(i.NVIC_PriorityGroupConfig)
    OLED_Clear                               0x08002709   Thumb Code    42  oled.o(i.OLED_Clear)
    OLED_Init                                0x08002733   Thumb Code   174  oled.o(i.OLED_Init)
    OLED_Pow                                 0x080027e1   Thumb Code    20  oled.o(i.OLED_Pow)
    OLED_SPI_Init                            0x080027f5   Thumb Code   162  oled.o(i.OLED_SPI_Init)
    OLED_SPI_SendByte                        0x080028a1   Thumb Code    58  oled.o(i.OLED_SPI_SendByte)
    OLED_SetCursor                           0x080028e1   Thumb Code    34  oled.o(i.OLED_SetCursor)
    OLED_ShowChar                            0x08002905   Thumb Code   110  oled.o(i.OLED_ShowChar)
    OLED_ShowNum                             0x08002979   Thumb Code    68  oled.o(i.OLED_ShowNum)
    OLED_ShowString                          0x080029bd   Thumb Code    40  oled.o(i.OLED_ShowString)
    OLED_WriteCommand                        0x080029e5   Thumb Code    46  oled.o(i.OLED_WriteCommand)
    OLED_WriteData                           0x08002a1d   Thumb Code    44  oled.o(i.OLED_WriteData)
    PendSV_Handler                           0x08002a51   Thumb Code     2  stm32f10x_it.o(i.PendSV_Handler)
    RCC_ADCCLKConfig                         0x08002a55   Thumb Code    18  stm32f10x_rcc.o(i.RCC_ADCCLKConfig)
    RCC_APB2PeriphClockCmd                   0x08002a6d   Thumb Code    26  stm32f10x_rcc.o(i.RCC_APB2PeriphClockCmd)
    RCC_GetClocksFreq                        0x08002a8d   Thumb Code   192  stm32f10x_rcc.o(i.RCC_GetClocksFreq)
    ReadOneChar                              0x08002b61   Thumb Code    32  ds18b20.o(i.ReadOneChar)
    ReadSoilTemperature                      0x08002b81   Thumb Code   278  ds18b20.o(i.ReadSoilTemperature)
    Read_Bit                                 0x08002cbd   Thumb Code    52  ds18b20.o(i.Read_Bit)
    SVC_Handler                              0x08002cf5   Thumb Code     2  stm32f10x_it.o(i.SVC_Handler)
    Serial_Init                              0x08002cf9   Thumb Code   172  usart.o(i.Serial_Init)
    Serial_Printf                            0x08002dad   Thumb Code    36  usart.o(i.Serial_Printf)
    Serial_SendByte                          0x08002dd1   Thumb Code    28  usart.o(i.Serial_SendByte)
    Serial_SendString                        0x08002df1   Thumb Code    26  usart.o(i.Serial_SendString)
    SysTick_Handler                          0x08002ef5   Thumb Code     2  stm32f10x_it.o(i.SysTick_Handler)
    SystemInit                               0x08002ef9   Thumb Code    78  system_stm32f10x.o(i.SystemInit)
    USART1_IRQHandler                        0x08002f59   Thumb Code    92  usart.o(i.USART1_IRQHandler)
    USART_ClearITPendingBit                  0x08002fd1   Thumb Code    30  stm32f10x_usart.o(i.USART_ClearITPendingBit)
    USART_Cmd                                0x08002fef   Thumb Code    24  stm32f10x_usart.o(i.USART_Cmd)
    USART_GetFlagStatus                      0x08003007   Thumb Code    26  stm32f10x_usart.o(i.USART_GetFlagStatus)
    USART_GetITStatus                        0x08003021   Thumb Code    84  stm32f10x_usart.o(i.USART_GetITStatus)
    USART_ITConfig                           0x08003075   Thumb Code    74  stm32f10x_usart.o(i.USART_ITConfig)
    USART_Init                               0x080030c1   Thumb Code   210  stm32f10x_usart.o(i.USART_Init)
    USART_ReceiveData                        0x08003199   Thumb Code    10  stm32f10x_usart.o(i.USART_ReceiveData)
    USART_SendData                           0x080031a3   Thumb Code     8  stm32f10x_usart.o(i.USART_SendData)
    UsageFault_Handler                       0x080031ab   Thumb Code     4  stm32f10x_it.o(i.UsageFault_Handler)
    WriteOneChar                             0x080031af   Thumb Code    42  ds18b20.o(i.WriteOneChar)
    Write_Bit_0                              0x080031d9   Thumb Code    36  ds18b20.o(i.Write_Bit_0)
    Write_Bit_1                              0x08003201   Thumb Code    36  ds18b20.o(i.Write_Bit_1)
    __ARM_fpclassify                         0x08003229   Thumb Code    40  fpclassify.o(i.__ARM_fpclassify)
    _is_digit                                0x08003251   Thumb Code    14  __printf_wp.o(i._is_digit)
    buf_clear                                0x08003261   Thumb Code    20  usart.o(i.buf_clear)
    get_soilhumi                             0x0800327d   Thumb Code    22  ad.o(i.get_soilhumi)
    main                                     0x08003295   Thumb Code   464  main.o(i.main)
    my_OLED_ShowChar                         0x080034c5   Thumb Code   102  oled.o(i.my_OLED_ShowChar)
    _get_lc_numeric                          0x08003531   Thumb Code    44  lc_numeric_c.o(locale$$code)
    _get_lc_ctype                            0x0800355d   Thumb Code    44  lc_ctype_c.o(locale$$code)
    __aeabi_d2uiz                            0x08003589   Thumb Code     0  dfixu.o(x$fpl$dfixu)
    _dfixu                                   0x08003589   Thumb Code    90  dfixu.o(x$fpl$dfixu)
    __aeabi_ui2d                             0x080035e3   Thumb Code     0  dflt_clz.o(x$fpl$dfltu)
    _dfltu                                   0x080035e3   Thumb Code    38  dflt_clz.o(x$fpl$dfltu)
    __aeabi_dmul                             0x08003609   Thumb Code     0  dmul.o(x$fpl$dmul)
    _dmul                                    0x08003609   Thumb Code   332  dmul.o(x$fpl$dmul)
    __fpl_dnaninf                            0x0800375d   Thumb Code   156  dnaninf.o(x$fpl$dnaninf)
    __fpl_dretinf                            0x080037f9   Thumb Code    12  dretinf.o(x$fpl$dretinf)
    _printf_fp_dec                           0x08003805   Thumb Code     4  printf1.o(x$fpl$printf1)
    _printf_fp_hex                           0x08003809   Thumb Code     4  printf2.o(x$fpl$printf2)
    OLED_F8x16                               0x0800380c   Data        1536  oled.o(.constdata)
    __I$use$fp                               0x0800380c   Number         0  usenofp.o(x$fpl$usenofp)
    Region$$Table$$Base                      0x080040e0   Number         0  anon$$obj.o(Region$$Table)
    Region$$Table$$Limit                     0x08004100   Number         0  anon$$obj.o(Region$$Table)
    __ctype                                  0x08004129   Data           0  lc_ctype_c.o(locale$$data)
    ADValue                                  0x20000014   Data           2  main.o(.data)
    dick                                     0x20000016   Data           1  main.o(.data)
    dick_handle                              0x20000017   Data           1  main.o(.data)
    dick_res                                 0x20000018   Data           1  main.o(.data)
    app_flag                                 0x20000019   Data           1  main.o(.data)
    GPIO_InitStructure                       0x2000001a   Data           4  dht11.o(.data)
    Serial_RxFlag                            0x2000001e   Data           1  usart.o(.data)
    pRxPacket                                0x20000020   Data           2  usart.o(.data)
    tempL                                    0x20000024   Data           1  ds18b20.o(.data)
    tempH                                    0x20000025   Data           1  ds18b20.o(.data)
    sdata                                    0x20000028   Data           4  ds18b20.o(.data)
    fg                                       0x2000002c   Data           1  ds18b20.o(.data)
    last_sdata                               0x20000030   Data           4  ds18b20.o(.data)
    Serial_RxPacket                          0x20000034   Data         400  usart.o(.bss)
    __libspace_start                         0x200001c4   Data          96  libspace.o(.bss)
    __temporary_stack_top$libspace           0x20000224   Data           0  libspace.o(.bss)



==============================================================================

Memory Map of the image

  Image Entry point : 0x080000ed

  Load Region LR_IROM1 (Base: 0x08000000, Size: 0x00004260, Max: 0x00010000, ABSOLUTE)

    Execution Region ER_IROM1 (Exec base: 0x08000000, Load base: 0x08000000, Size: 0x0000422c, Max: 0x00010000, ABSOLUTE)

    Exec Addr    Load Addr    Size         Type   Attr      Idx    E Section Name        Object

    0x08000000   0x08000000   0x000000ec   Data   RO            3    RESET               startup_stm32f10x_md.o
    0x080000ec   0x080000ec   0x00000008   Code   RO         3718  * !!!main             c_w.l(__main.o)
    0x080000f4   0x080000f4   0x00000034   Code   RO         4057    !!!scatter          c_w.l(__scatter.o)
    0x08000128   0x08000128   0x0000001a   Code   RO         4059    !!handler_copy      c_w.l(__scatter_copy.o)
    0x08000142   0x08000142   0x00000002   PAD
    0x08000144   0x08000144   0x0000001c   Code   RO         4061    !!handler_zi        c_w.l(__scatter_zi.o)
    0x08000160   0x08000160   0x00000000   Code   RO         3814    .ARM.Collect$$_printf_percent$$00000000  c_w.l(_printf_percent.o)
    0x08000160   0x08000160   0x00000006   Code   RO         3803    .ARM.Collect$$_printf_percent$$00000001  c_w.l(_printf_n.o)
    0x08000166   0x08000166   0x00000006   Code   RO         3805    .ARM.Collect$$_printf_percent$$00000002  c_w.l(_printf_p.o)
    0x0800016c   0x0800016c   0x00000006   Code   RO         3810    .ARM.Collect$$_printf_percent$$00000003  c_w.l(_printf_f.o)
    0x08000172   0x08000172   0x00000006   Code   RO         3811    .ARM.Collect$$_printf_percent$$00000004  c_w.l(_printf_e.o)
    0x08000178   0x08000178   0x00000006   Code   RO         3812    .ARM.Collect$$_printf_percent$$00000005  c_w.l(_printf_g.o)
    0x0800017e   0x0800017e   0x00000006   Code   RO         3813    .ARM.Collect$$_printf_percent$$00000006  c_w.l(_printf_a.o)
    0x08000184   0x08000184   0x0000000a   Code   RO         3818    .ARM.Collect$$_printf_percent$$00000007  c_w.l(_printf_ll.o)
    0x0800018e   0x0800018e   0x00000006   Code   RO         3807    .ARM.Collect$$_printf_percent$$00000008  c_w.l(_printf_i.o)
    0x08000194   0x08000194   0x00000006   Code   RO         3808    .ARM.Collect$$_printf_percent$$00000009  c_w.l(_printf_d.o)
    0x0800019a   0x0800019a   0x00000006   Code   RO         3809    .ARM.Collect$$_printf_percent$$0000000A  c_w.l(_printf_u.o)
    0x080001a0   0x080001a0   0x00000006   Code   RO         3806    .ARM.Collect$$_printf_percent$$0000000B  c_w.l(_printf_o.o)
    0x080001a6   0x080001a6   0x00000006   Code   RO         3804    .ARM.Collect$$_printf_percent$$0000000C  c_w.l(_printf_x.o)
    0x080001ac   0x080001ac   0x00000006   Code   RO         3815    .ARM.Collect$$_printf_percent$$0000000D  c_w.l(_printf_lli.o)
    0x080001b2   0x080001b2   0x00000006   Code   RO         3816    .ARM.Collect$$_printf_percent$$0000000E  c_w.l(_printf_lld.o)
    0x080001b8   0x080001b8   0x00000006   Code   RO         3817    .ARM.Collect$$_printf_percent$$0000000F  c_w.l(_printf_llu.o)
    0x080001be   0x080001be   0x00000006   Code   RO         3822    .ARM.Collect$$_printf_percent$$00000010  c_w.l(_printf_llo.o)
    0x080001c4   0x080001c4   0x00000006   Code   RO         3823    .ARM.Collect$$_printf_percent$$00000011  c_w.l(_printf_llx.o)
    0x080001ca   0x080001ca   0x0000000a   Code   RO         3819    .ARM.Collect$$_printf_percent$$00000012  c_w.l(_printf_l.o)
    0x080001d4   0x080001d4   0x00000006   Code   RO         3801    .ARM.Collect$$_printf_percent$$00000013  c_w.l(_printf_c.o)
    0x080001da   0x080001da   0x00000006   Code   RO         3802    .ARM.Collect$$_printf_percent$$00000014  c_w.l(_printf_s.o)
    0x080001e0   0x080001e0   0x00000006   Code   RO         3820    .ARM.Collect$$_printf_percent$$00000015  c_w.l(_printf_lc.o)
    0x080001e6   0x080001e6   0x00000006   Code   RO         3821    .ARM.Collect$$_printf_percent$$00000016  c_w.l(_printf_ls.o)
    0x080001ec   0x080001ec   0x00000004   Code   RO         3869    .ARM.Collect$$_printf_percent$$00000017  c_w.l(_printf_percent_end.o)
    0x080001f0   0x080001f0   0x00000002   Code   RO         3918    .ARM.Collect$$libinit$$00000000  c_w.l(libinit.o)
    0x080001f2   0x080001f2   0x00000000   Code   RO         3934    .ARM.Collect$$libinit$$00000002  c_w.l(libinit2.o)
    0x080001f2   0x080001f2   0x00000000   Code   RO         3936    .ARM.Collect$$libinit$$00000004  c_w.l(libinit2.o)
    0x080001f2   0x080001f2   0x00000000   Code   RO         3939    .ARM.Collect$$libinit$$0000000A  c_w.l(libinit2.o)
    0x080001f2   0x080001f2   0x00000000   Code   RO         3941    .ARM.Collect$$libinit$$0000000C  c_w.l(libinit2.o)
    0x080001f2   0x080001f2   0x00000000   Code   RO         3943    .ARM.Collect$$libinit$$0000000E  c_w.l(libinit2.o)
    0x080001f2   0x080001f2   0x00000006   Code   RO         3944    .ARM.Collect$$libinit$$0000000F  c_w.l(libinit2.o)
    0x080001f8   0x080001f8   0x00000000   Code   RO         3946    .ARM.Collect$$libinit$$00000011  c_w.l(libinit2.o)
    0x080001f8   0x080001f8   0x0000000c   Code   RO         3947    .ARM.Collect$$libinit$$00000012  c_w.l(libinit2.o)
    0x08000204   0x08000204   0x00000000   Code   RO         3948    .ARM.Collect$$libinit$$00000013  c_w.l(libinit2.o)
    0x08000204   0x08000204   0x00000000   Code   RO         3950    .ARM.Collect$$libinit$$00000015  c_w.l(libinit2.o)
    0x08000204   0x08000204   0x0000000a   Code   RO         3951    .ARM.Collect$$libinit$$00000016  c_w.l(libinit2.o)
    0x0800020e   0x0800020e   0x00000000   Code   RO         3952    .ARM.Collect$$libinit$$00000017  c_w.l(libinit2.o)
    0x0800020e   0x0800020e   0x00000000   Code   RO         3954    .ARM.Collect$$libinit$$00000019  c_w.l(libinit2.o)
    0x0800020e   0x0800020e   0x00000000   Code   RO         3956    .ARM.Collect$$libinit$$0000001B  c_w.l(libinit2.o)
    0x0800020e   0x0800020e   0x00000000   Code   RO         3958    .ARM.Collect$$libinit$$0000001D  c_w.l(libinit2.o)
    0x0800020e   0x0800020e   0x00000000   Code   RO         3960    .ARM.Collect$$libinit$$0000001F  c_w.l(libinit2.o)
    0x0800020e   0x0800020e   0x00000000   Code   RO         3962    .ARM.Collect$$libinit$$00000021  c_w.l(libinit2.o)
    0x0800020e   0x0800020e   0x00000000   Code   RO         3964    .ARM.Collect$$libinit$$00000023  c_w.l(libinit2.o)
    0x0800020e   0x0800020e   0x00000000   Code   RO         3966    .ARM.Collect$$libinit$$00000025  c_w.l(libinit2.o)
    0x0800020e   0x0800020e   0x00000000   Code   RO         3970    .ARM.Collect$$libinit$$0000002C  c_w.l(libinit2.o)
    0x0800020e   0x0800020e   0x00000000   Code   RO         3972    .ARM.Collect$$libinit$$0000002E  c_w.l(libinit2.o)
    0x0800020e   0x0800020e   0x00000000   Code   RO         3974    .ARM.Collect$$libinit$$00000030  c_w.l(libinit2.o)
    0x0800020e   0x0800020e   0x00000000   Code   RO         3976    .ARM.Collect$$libinit$$00000032  c_w.l(libinit2.o)
    0x0800020e   0x0800020e   0x00000002   Code   RO         3977    .ARM.Collect$$libinit$$00000033  c_w.l(libinit2.o)
    0x08000210   0x08000210   0x00000002   Code   RO         3997    .ARM.Collect$$libshutdown$$00000000  c_w.l(libshutdown.o)
    0x08000212   0x08000212   0x00000000   Code   RO         4010    .ARM.Collect$$libshutdown$$00000002  c_w.l(libshutdown2.o)
    0x08000212   0x08000212   0x00000000   Code   RO         4012    .ARM.Collect$$libshutdown$$00000004  c_w.l(libshutdown2.o)
    0x08000212   0x08000212   0x00000000   Code   RO         4015    .ARM.Collect$$libshutdown$$00000007  c_w.l(libshutdown2.o)
    0x08000212   0x08000212   0x00000000   Code   RO         4018    .ARM.Collect$$libshutdown$$0000000A  c_w.l(libshutdown2.o)
    0x08000212   0x08000212   0x00000000   Code   RO         4020    .ARM.Collect$$libshutdown$$0000000C  c_w.l(libshutdown2.o)
    0x08000212   0x08000212   0x00000000   Code   RO         4023    .ARM.Collect$$libshutdown$$0000000F  c_w.l(libshutdown2.o)
    0x08000212   0x08000212   0x00000002   Code   RO         4024    .ARM.Collect$$libshutdown$$00000010  c_w.l(libshutdown2.o)
    0x08000214   0x08000214   0x00000000   Code   RO         3732    .ARM.Collect$$rtentry$$00000000  c_w.l(__rtentry.o)
    0x08000214   0x08000214   0x00000000   Code   RO         3840    .ARM.Collect$$rtentry$$00000002  c_w.l(__rtentry2.o)
    0x08000214   0x08000214   0x00000006   Code   RO         3852    .ARM.Collect$$rtentry$$00000004  c_w.l(__rtentry4.o)
    0x0800021a   0x0800021a   0x00000000   Code   RO         3842    .ARM.Collect$$rtentry$$00000009  c_w.l(__rtentry2.o)
    0x0800021a   0x0800021a   0x00000004   Code   RO         3843    .ARM.Collect$$rtentry$$0000000A  c_w.l(__rtentry2.o)
    0x0800021e   0x0800021e   0x00000000   Code   RO         3845    .ARM.Collect$$rtentry$$0000000C  c_w.l(__rtentry2.o)
    0x0800021e   0x0800021e   0x00000008   Code   RO         3846    .ARM.Collect$$rtentry$$0000000D  c_w.l(__rtentry2.o)
    0x08000226   0x08000226   0x00000002   Code   RO         3926    .ARM.Collect$$rtexit$$00000000  c_w.l(rtexit.o)
    0x08000228   0x08000228   0x00000000   Code   RO         3979    .ARM.Collect$$rtexit$$00000002  c_w.l(rtexit2.o)
    0x08000228   0x08000228   0x00000004   Code   RO         3980    .ARM.Collect$$rtexit$$00000003  c_w.l(rtexit2.o)
    0x0800022c   0x0800022c   0x00000006   Code   RO         3981    .ARM.Collect$$rtexit$$00000004  c_w.l(rtexit2.o)
    0x08000232   0x08000232   0x00000002   PAD
    0x08000234   0x08000234   0x00000040   Code   RO            4    .text               startup_stm32f10x_md.o
    0x08000274   0x08000274   0x00000024   Code   RO         3710    .text               c_w.l(vsprintf.o)
    0x08000298   0x08000298   0x00000024   Code   RO         3712    .text               c_w.l(strstr.o)
    0x080002bc   0x080002bc   0x00000044   Code   RO         3714    .text               c_w.l(rt_memclr.o)
    0x08000300   0x08000300   0x00000006   Code   RO         3716    .text               c_w.l(heapauxi.o)
    0x08000306   0x08000306   0x0000004e   Code   RO         3735    .text               c_w.l(_printf_pad.o)
    0x08000354   0x08000354   0x00000024   Code   RO         3737    .text               c_w.l(_printf_truncate.o)
    0x08000378   0x08000378   0x00000052   Code   RO         3739    .text               c_w.l(_printf_str.o)
    0x080003ca   0x080003ca   0x00000002   PAD
    0x080003cc   0x080003cc   0x00000078   Code   RO         3741    .text               c_w.l(_printf_dec.o)
    0x08000444   0x08000444   0x00000028   Code   RO         3743    .text               c_w.l(_printf_charcount.o)
    0x0800046c   0x0800046c   0x00000030   Code   RO         3745    .text               c_w.l(_printf_char_common.o)
    0x0800049c   0x0800049c   0x0000000a   Code   RO         3747    .text               c_w.l(_sputc.o)
    0x080004a6   0x080004a6   0x00000002   PAD
    0x080004a8   0x080004a8   0x000000bc   Code   RO         3749    .text               c_w.l(_printf_wctomb.o)
    0x08000564   0x08000564   0x0000007c   Code   RO         3752    .text               c_w.l(_printf_longlong_dec.o)
    0x080005e0   0x080005e0   0x00000070   Code   RO         3758    .text               c_w.l(_printf_oct_int_ll.o)
    0x08000650   0x08000650   0x00000094   Code   RO         3778    .text               c_w.l(_printf_hex_int_ll_ptr.o)
    0x080006e4   0x080006e4   0x00000188   Code   RO         3798    .text               c_w.l(__printf_flags_ss_wp.o)
    0x0800086c   0x0800086c   0x0000004e   Code   RO         3824    .text               c_w.l(rt_memclr_w.o)
    0x080008ba   0x080008ba   0x0000008a   Code   RO         3854    .text               c_w.l(lludiv10.o)
    0x08000944   0x08000944   0x000000b2   Code   RO         3856    .text               c_w.l(_printf_intcommon.o)
    0x080009f6   0x080009f6   0x0000041e   Code   RO         3858    .text               c_w.l(_printf_fp_dec.o)
    0x08000e14   0x08000e14   0x000002fc   Code   RO         3860    .text               c_w.l(_printf_fp_hex.o)
    0x08001110   0x08001110   0x0000002c   Code   RO         3865    .text               c_w.l(_printf_char.o)
    0x0800113c   0x0800113c   0x0000002c   Code   RO         3867    .text               c_w.l(_printf_wchar.o)
    0x08001168   0x08001168   0x00000040   Code   RO         3870    .text               c_w.l(_wcrtomb.o)
    0x080011a8   0x080011a8   0x0000004a   Code   RO         3872    .text               c_w.l(sys_stackheap_outer.o)
    0x080011f2   0x080011f2   0x00000002   PAD
    0x080011f4   0x080011f4   0x00000010   Code   RO         3874    .text               c_w.l(rt_ctype_table.o)
    0x08001204   0x08001204   0x00000008   Code   RO         3879    .text               c_w.l(rt_locale_intlibspace.o)
    0x0800120c   0x0800120c   0x00000080   Code   RO         3881    .text               c_w.l(_printf_fp_infnan.o)
    0x0800128c   0x0800128c   0x000000e4   Code   RO         3883    .text               c_w.l(bigflt0.o)
    0x08001370   0x08001370   0x00000012   Code   RO         3911    .text               c_w.l(exit.o)
    0x08001382   0x08001382   0x00000002   PAD
    0x08001384   0x08001384   0x00000008   Code   RO         3923    .text               c_w.l(libspace.o)
    0x0800138c   0x0800138c   0x00000080   Code   RO         3931    .text               c_w.l(strcmpv7m.o)
    0x0800140c   0x0800140c   0x0000000c   Code   RO         3989    .text               c_w.l(sys_exit.o)
    0x08001418   0x08001418   0x00000002   Code   RO         4000    .text               c_w.l(use_no_semi.o)
    0x0800141a   0x0800141a   0x00000000   Code   RO         4002    .text               c_w.l(indicate_semi.o)
    0x0800141a   0x0800141a   0x0000003e   Code   RO         3886    CL$$btod_d2e        c_w.l(btod.o)
    0x08001458   0x08001458   0x00000046   Code   RO         3888    CL$$btod_d2e_denorm_low  c_w.l(btod.o)
    0x0800149e   0x0800149e   0x00000060   Code   RO         3887    CL$$btod_d2e_norm_op1  c_w.l(btod.o)
    0x080014fe   0x080014fe   0x00000338   Code   RO         3896    CL$$btod_div_common  c_w.l(btod.o)
    0x08001836   0x08001836   0x000000dc   Code   RO         3893    CL$$btod_e2e        c_w.l(btod.o)
    0x08001912   0x08001912   0x0000002a   Code   RO         3890    CL$$btod_ediv       c_w.l(btod.o)
    0x0800193c   0x0800193c   0x0000002a   Code   RO         3889    CL$$btod_emul       c_w.l(btod.o)
    0x08001966   0x08001966   0x00000244   Code   RO         3895    CL$$btod_mult_common  c_w.l(btod.o)
    0x08001baa   0x08001baa   0x00000016   Code   RO          202    i.ADC_Cmd           stm32f10x_adc.o
    0x08001bc0   0x08001bc0   0x00000014   Code   RO          210    i.ADC_GetCalibrationStatus  stm32f10x_adc.o
    0x08001bd4   0x08001bd4   0x00000008   Code   RO          211    i.ADC_GetConversionValue  stm32f10x_adc.o
    0x08001bdc   0x08001bdc   0x00000012   Code   RO          213    i.ADC_GetFlagStatus  stm32f10x_adc.o
    0x08001bee   0x08001bee   0x00000014   Code   RO          216    i.ADC_GetResetCalibrationStatus  stm32f10x_adc.o
    0x08001c02   0x08001c02   0x00000002   PAD
    0x08001c04   0x08001c04   0x00000050   Code   RO          220    i.ADC_Init          stm32f10x_adc.o
    0x08001c54   0x08001c54   0x000000b8   Code   RO          224    i.ADC_RegularChannelConfig  stm32f10x_adc.o
    0x08001d0c   0x08001d0c   0x0000000a   Code   RO          225    i.ADC_ResetCalibration  stm32f10x_adc.o
    0x08001d16   0x08001d16   0x00000016   Code   RO          227    i.ADC_SoftwareStartConvCmd  stm32f10x_adc.o
    0x08001d2c   0x08001d2c   0x0000000a   Code   RO          229    i.ADC_StartCalibration  stm32f10x_adc.o
    0x08001d36   0x08001d36   0x00000002   PAD
    0x08001d38   0x08001d38   0x00000024   Code   RO         3672    i.AD_GetValue       ad.o
    0x08001d5c   0x08001d5c   0x000000a0   Code   RO         3673    i.AD_Init           ad.o
    0x08001dfc   0x08001dfc   0x00000004   Code   RO         3242    i.BusFault_Handler  stm32f10x_it.o
    0x08001e00   0x08001e00   0x00000058   Code   RO         3329    i.DHT11_Check       dht11.o
    0x08001e58   0x08001e58   0x00000030   Code   RO         3330    i.DHT11_Init        dht11.o
    0x08001e88   0x08001e88   0x00000058   Code   RO         3331    i.DHT11_Read_Bit    dht11.o
    0x08001ee0   0x08001ee0   0x0000001e   Code   RO         3332    i.DHT11_Read_Byte   dht11.o
    0x08001efe   0x08001efe   0x0000005a   Code   RO         3333    i.DHT11_Read_Data   dht11.o
    0x08001f58   0x08001f58   0x00000030   Code   RO         3334    i.DHT11_Rst         dht11.o
    0x08001f88   0x08001f88   0x0000002c   Code   RO         3606    i.DS_DIR_IN         ds18b20.o
    0x08001fb4   0x08001fb4   0x0000002c   Code   RO         3607    i.DS_DIR_OUT        ds18b20.o
    0x08001fe0   0x08001fe0   0x00000002   Code   RO         3243    i.DebugMon_Handler  stm32f10x_it.o
    0x08001fe2   0x08001fe2   0x00000018   Code   RO         3305    i.Delay_ms          delay.o
    0x08001ffa   0x08001ffa   0x0000002e   Code   RO         3307    i.Delay_us          delay.o
    0x08002028   0x08002028   0x00000354   Code   RO         3488    i.ESP8266_Init      esp8266.o
    0x0800237c   0x0800237c   0x00000116   Code   RO         1347    i.GPIO_Init         stm32f10x_gpio.o
    0x08002492   0x08002492   0x00000012   Code   RO         1351    i.GPIO_ReadInputDataBit  stm32f10x_gpio.o
    0x080024a4   0x080024a4   0x00000004   Code   RO         1354    i.GPIO_ResetBits    stm32f10x_gpio.o
    0x080024a8   0x080024a8   0x00000018   Code   RO         3335    i.GPIO_SETIN        dht11.o
    0x080024c0   0x080024c0   0x00000018   Code   RO         3336    i.GPIO_SETOUT       dht11.o
    0x080024d8   0x080024d8   0x00000004   Code   RO         1355    i.GPIO_SetBits      stm32f10x_gpio.o
    0x080024dc   0x080024dc   0x0000000a   Code   RO         1358    i.GPIO_WriteBit     stm32f10x_gpio.o
    0x080024e6   0x080024e6   0x00000004   Code   RO         3244    i.HardFault_Handler  stm32f10x_it.o
    0x080024ea   0x080024ea   0x00000002   PAD
    0x080024ec   0x080024ec   0x000000b8   Code   RO         3608    i.Init_DS18B20      ds18b20.o
    0x080025a4   0x080025a4   0x00000064   Code   RO         3696    i.LED_Init          led.o
    0x08002608   0x08002608   0x00000054   Code   RO         3489    i.MQTT_RX_messege   esp8266.o
    0x0800265c   0x0800265c   0x00000020   Code   RO         3490    i.MQTT_TX_messege   esp8266.o
    0x0800267c   0x0800267c   0x00000004   Code   RO         3245    i.MemManage_Handler  stm32f10x_it.o
    0x08002680   0x08002680   0x00000002   Code   RO         3246    i.NMI_Handler       stm32f10x_it.o
    0x08002682   0x08002682   0x00000002   PAD
    0x08002684   0x08002684   0x00000070   Code   RO          137    i.NVIC_Init         misc.o
    0x080026f4   0x080026f4   0x00000014   Code   RO          138    i.NVIC_PriorityGroupConfig  misc.o
    0x08002708   0x08002708   0x0000002a   Code   RO         3386    i.OLED_Clear        oled.o
    0x08002732   0x08002732   0x000000ae   Code   RO         3387    i.OLED_Init         oled.o
    0x080027e0   0x080027e0   0x00000014   Code   RO         3388    i.OLED_Pow          oled.o
    0x080027f4   0x080027f4   0x000000ac   Code   RO         3389    i.OLED_SPI_Init     oled.o
    0x080028a0   0x080028a0   0x00000040   Code   RO         3390    i.OLED_SPI_SendByte  oled.o
    0x080028e0   0x080028e0   0x00000022   Code   RO         3391    i.OLED_SetCursor    oled.o
    0x08002902   0x08002902   0x00000002   PAD
    0x08002904   0x08002904   0x00000074   Code   RO         3393    i.OLED_ShowChar     oled.o
    0x08002978   0x08002978   0x00000044   Code   RO         3395    i.OLED_ShowNum      oled.o
    0x080029bc   0x080029bc   0x00000028   Code   RO         3397    i.OLED_ShowString   oled.o
    0x080029e4   0x080029e4   0x00000038   Code   RO         3398    i.OLED_WriteCommand  oled.o
    0x08002a1c   0x08002a1c   0x00000034   Code   RO         3399    i.OLED_WriteData    oled.o
    0x08002a50   0x08002a50   0x00000002   Code   RO         3247    i.PendSV_Handler    stm32f10x_it.o
    0x08002a52   0x08002a52   0x00000002   PAD
    0x08002a54   0x08002a54   0x00000018   Code   RO         1773    i.RCC_ADCCLKConfig  stm32f10x_rcc.o
    0x08002a6c   0x08002a6c   0x00000020   Code   RO         1777    i.RCC_APB2PeriphClockCmd  stm32f10x_rcc.o
    0x08002a8c   0x08002a8c   0x000000d4   Code   RO         1785    i.RCC_GetClocksFreq  stm32f10x_rcc.o
    0x08002b60   0x08002b60   0x00000020   Code   RO         3609    i.ReadOneChar       ds18b20.o
    0x08002b80   0x08002b80   0x0000013c   Code   RO         3610    i.ReadSoilTemperature  ds18b20.o
    0x08002cbc   0x08002cbc   0x00000038   Code   RO         3611    i.Read_Bit          ds18b20.o
    0x08002cf4   0x08002cf4   0x00000002   Code   RO         3248    i.SVC_Handler       stm32f10x_it.o
    0x08002cf6   0x08002cf6   0x00000002   PAD
    0x08002cf8   0x08002cf8   0x000000b4   Code   RO         3529    i.Serial_Init       usart.o
    0x08002dac   0x08002dac   0x00000024   Code   RO         3531    i.Serial_Printf     usart.o
    0x08002dd0   0x08002dd0   0x00000020   Code   RO         3533    i.Serial_SendByte   usart.o
    0x08002df0   0x08002df0   0x0000001a   Code   RO         3535    i.Serial_SendString  usart.o
    0x08002e0a   0x08002e0a   0x00000008   Code   RO           24    i.SetSysClock       system_stm32f10x.o
    0x08002e12   0x08002e12   0x00000002   PAD
    0x08002e14   0x08002e14   0x000000e0   Code   RO           25    i.SetSysClockTo72   system_stm32f10x.o
    0x08002ef4   0x08002ef4   0x00000002   Code   RO         3249    i.SysTick_Handler   stm32f10x_it.o
    0x08002ef6   0x08002ef6   0x00000002   PAD
    0x08002ef8   0x08002ef8   0x00000060   Code   RO           27    i.SystemInit        system_stm32f10x.o
    0x08002f58   0x08002f58   0x00000078   Code   RO         3536    i.USART1_IRQHandler  usart.o
    0x08002fd0   0x08002fd0   0x0000001e   Code   RO         2957    i.USART_ClearITPendingBit  stm32f10x_usart.o
    0x08002fee   0x08002fee   0x00000018   Code   RO         2960    i.USART_Cmd         stm32f10x_usart.o
    0x08003006   0x08003006   0x0000001a   Code   RO         2963    i.USART_GetFlagStatus  stm32f10x_usart.o
    0x08003020   0x08003020   0x00000054   Code   RO         2964    i.USART_GetITStatus  stm32f10x_usart.o
    0x08003074   0x08003074   0x0000004a   Code   RO         2966    i.USART_ITConfig    stm32f10x_usart.o
    0x080030be   0x080030be   0x00000002   PAD
    0x080030c0   0x080030c0   0x000000d8   Code   RO         2967    i.USART_Init        stm32f10x_usart.o
    0x08003198   0x08003198   0x0000000a   Code   RO         2974    i.USART_ReceiveData  stm32f10x_usart.o
    0x080031a2   0x080031a2   0x00000008   Code   RO         2977    i.USART_SendData    stm32f10x_usart.o
    0x080031aa   0x080031aa   0x00000004   Code   RO         3250    i.UsageFault_Handler  stm32f10x_it.o
    0x080031ae   0x080031ae   0x0000002a   Code   RO         3612    i.WriteOneChar      ds18b20.o
    0x080031d8   0x080031d8   0x00000028   Code   RO         3613    i.Write_Bit_0       ds18b20.o
    0x08003200   0x08003200   0x00000028   Code   RO         3614    i.Write_Bit_1       ds18b20.o
    0x08003228   0x08003228   0x00000028   Code   RO         3921    i.__ARM_fpclassify  m_ws.l(fpclassify.o)
    0x08003250   0x08003250   0x0000000e   Code   RO         3791    i._is_digit         c_w.l(__printf_wp.o)
    0x0800325e   0x0800325e   0x00000002   PAD
    0x08003260   0x08003260   0x0000001c   Code   RO         3537    i.buf_clear         usart.o
    0x0800327c   0x0800327c   0x00000016   Code   RO         3674    i.get_soilhumi      ad.o
    0x08003292   0x08003292   0x00000002   PAD
    0x08003294   0x08003294   0x00000230   Code   RO         3196    i.main              main.o
    0x080034c4   0x080034c4   0x0000006c   Code   RO         3400    i.my_OLED_ShowChar  oled.o
    0x08003530   0x08003530   0x0000002c   Code   RO         3909    locale$$code        c_w.l(lc_numeric_c.o)
    0x0800355c   0x0800355c   0x0000002c   Code   RO         3929    locale$$code        c_w.l(lc_ctype_c.o)
    0x08003588   0x08003588   0x0000005a   Code   RO         3720    x$fpl$dfixu         fz_ws.l(dfixu.o)
    0x080035e2   0x080035e2   0x00000026   Code   RO         3724    x$fpl$dfltu         fz_ws.l(dflt_clz.o)
    0x08003608   0x08003608   0x00000154   Code   RO         3730    x$fpl$dmul          fz_ws.l(dmul.o)
    0x0800375c   0x0800375c   0x0000009c   Code   RO         3826    x$fpl$dnaninf       fz_ws.l(dnaninf.o)
    0x080037f8   0x080037f8   0x0000000c   Code   RO         3828    x$fpl$dretinf       fz_ws.l(dretinf.o)
    0x08003804   0x08003804   0x00000004   Code   RO         3830    x$fpl$printf1       fz_ws.l(printf1.o)
    0x08003808   0x08003808   0x00000004   Code   RO         3832    x$fpl$printf2       fz_ws.l(printf2.o)
    0x0800380c   0x0800380c   0x00000000   Code   RO         3838    x$fpl$usenofp       fz_ws.l(usenofp.o)
    0x0800380c   0x0800380c   0x00000600   Data   RO         3401    .constdata          oled.o
    0x08003e0c   0x08003e0c   0x00000008   Data   RO         3750    .constdata          c_w.l(_printf_wctomb.o)
    0x08003e14   0x08003e14   0x00000028   Data   RO         3779    .constdata          c_w.l(_printf_hex_int_ll_ptr.o)
    0x08003e3c   0x08003e3c   0x00000011   Data   RO         3799    .constdata          c_w.l(__printf_flags_ss_wp.o)
    0x08003e4d   0x08003e4d   0x00000026   Data   RO         3861    .constdata          c_w.l(_printf_fp_hex.o)
    0x08003e73   0x08003e73   0x00000001   PAD
    0x08003e74   0x08003e74   0x00000094   Data   RO         3884    .constdata          c_w.l(bigflt0.o)
    0x08003f08   0x08003f08   0x000001d6   Data   RO         3491    .conststring        esp8266.o
    0x080040de   0x080040de   0x00000002   PAD
    0x080040e0   0x080040e0   0x00000020   Data   RO         4055    Region$$Table       anon$$obj.o
    0x08004100   0x08004100   0x0000001c   Data   RO         3908    locale$$data        c_w.l(lc_numeric_c.o)
    0x0800411c   0x0800411c   0x00000110   Data   RO         3928    locale$$data        c_w.l(lc_ctype_c.o)


    Execution Region RW_IRAM1 (Exec base: 0x20000000, Load base: 0x0800422c, Size: 0x00000828, Max: 0x00005000, ABSOLUTE)

    Exec Addr    Load Addr    Size         Type   Attr      Idx    E Section Name        Object

    0x20000000   0x0800422c   0x00000014   Data   RW         1805    .data               stm32f10x_rcc.o
    0x20000014   0x08004240   0x00000006   Data   RW         3198    .data               main.o
    0x2000001a   0x08004246   0x00000004   Data   RW         3337    .data               dht11.o
    0x2000001e   0x0800424a   0x00000004   Data   RW         3540    .data               usart.o
    0x20000022   0x0800424e   0x00000002   PAD
    0x20000024   0x08004250   0x00000010   Data   RW         3615    .data               ds18b20.o
    0x20000034        -       0x00000190   Zero   RW         3539    .bss                usart.o
    0x200001c4        -       0x00000060   Zero   RW         3924    .bss                c_w.l(libspace.o)
    0x20000224   0x08004260   0x00000004   PAD
    0x20000228        -       0x00000200   Zero   RW            2    HEAP                startup_stm32f10x_md.o
    0x20000428        -       0x00000400   Zero   RW            1    STACK               startup_stm32f10x_md.o


==============================================================================

Image component sizes


      Code (inc. data)   RO Data    RW Data    ZI Data      Debug   Object Name

       218         14          0          0          0       1339   ad.o
         0          0          0          0          0       4508   core_cm3.o
        70          0          0          0          0        834   delay.o
       440         40          0          4          0       3980   dht11.o
       798         98          0         16          0       4436   ds18b20.o
       968        306        470          0          0       2343   esp8266.o
       100          8          0          0          0        443   led.o
       560         96          0          6          0       1422   main.o
       132         22          0          0          0     213495   misc.o
       946         46       1536          0          0       6663   oled.o
        64         26        236          0       1536        780   startup_stm32f10x_md.o
       394         10          0          0          0      17693   stm32f10x_adc.o
       314          0          0          0          0      12012   stm32f10x_gpio.o
        26          0          0          0          0       3326   stm32f10x_it.o
       268         32          0         20          0      12664   stm32f10x_rcc.o
       472          6          0          0          0      12019   stm32f10x_usart.o
       328         28          0          0          0      24573   system_stm32f10x.o
       422         48          0          4        400       4110   usart.o

    ----------------------------------------------------------------------
      6542        780       2276         52       1936     326640   Object Totals
         0          0         32          0          0          0   (incl. Generated)
        22          0          2          2          0          0   (incl. Padding)

    ----------------------------------------------------------------------

      Code (inc. data)   RO Data    RW Data    ZI Data      Debug   Library Member Name

         8          0          0          0          0         68   __main.o
       392          4         17          0          0         92   __printf_flags_ss_wp.o
        14          0          0          0          0         68   __printf_wp.o
         0          0          0          0          0          0   __rtentry.o
        12          0          0          0          0          0   __rtentry2.o
         6          0          0          0          0          0   __rtentry4.o
        52          8          0          0          0          0   __scatter.o
        26          0          0          0          0          0   __scatter_copy.o
        28          0          0          0          0          0   __scatter_zi.o
         6          0          0          0          0          0   _printf_a.o
         6          0          0          0          0          0   _printf_c.o
        44          0          0          0          0        108   _printf_char.o
        48          6          0          0          0         96   _printf_char_common.o
        40          0          0          0          0         68   _printf_charcount.o
         6          0          0          0          0          0   _printf_d.o
       120         16          0          0          0         92   _printf_dec.o
         6          0          0          0          0          0   _printf_e.o
         6          0          0          0          0          0   _printf_f.o
      1054          0          0          0          0        216   _printf_fp_dec.o
       764          8         38          0          0        100   _printf_fp_hex.o
       128         16          0          0          0         84   _printf_fp_infnan.o
         6          0          0          0          0          0   _printf_g.o
       148          4         40          0          0        160   _printf_hex_int_ll_ptr.o
         6          0          0          0          0          0   _printf_i.o
       178          0          0          0          0         88   _printf_intcommon.o
        10          0          0          0          0          0   _printf_l.o
         6          0          0          0          0          0   _printf_lc.o
        10          0          0          0          0          0   _printf_ll.o
         6          0          0          0          0          0   _printf_lld.o
         6          0          0          0          0          0   _printf_lli.o
         6          0          0          0          0          0   _printf_llo.o
         6          0          0          0          0          0   _printf_llu.o
         6          0          0          0          0          0   _printf_llx.o
       124         16          0          0          0         92   _printf_longlong_dec.o
         6          0          0          0          0          0   _printf_ls.o
         6          0          0          0          0          0   _printf_n.o
         6          0          0          0          0          0   _printf_o.o
       112         10          0          0          0        124   _printf_oct_int_ll.o
         6          0          0          0          0          0   _printf_p.o
        78          0          0          0          0        108   _printf_pad.o
         0          0          0          0          0          0   _printf_percent.o
         4          0          0          0          0          0   _printf_percent_end.o
         6          0          0          0          0          0   _printf_s.o
        82          0          0          0          0         80   _printf_str.o
        36          0          0          0          0         84   _printf_truncate.o
         6          0          0          0          0          0   _printf_u.o
        44          0          0          0          0        108   _printf_wchar.o
       188          6          8          0          0         92   _printf_wctomb.o
         6          0          0          0          0          0   _printf_x.o
        10          0          0          0          0         68   _sputc.o
        64          0          0          0          0         92   _wcrtomb.o
       228          4        148          0          0         96   bigflt0.o
      1936        128          0          0          0        672   btod.o
        18          0          0          0          0         80   exit.o
         6          0          0          0          0        152   heapauxi.o
         0          0          0          0          0          0   indicate_semi.o
        44         10        272          0          0         76   lc_ctype_c.o
        44         10         28          0          0         76   lc_numeric_c.o
         2          0          0          0          0          0   libinit.o
        30          0          0          0          0          0   libinit2.o
         2          0          0          0          0          0   libshutdown.o
         2          0          0          0          0          0   libshutdown2.o
         8          4          0          0         96         68   libspace.o
       138          0          0          0          0         80   lludiv10.o
        16          4          0          0          0         76   rt_ctype_table.o
         8          4          0          0          0         68   rt_locale_intlibspace.o
        68          0          0          0          0         68   rt_memclr.o
        78          0          0          0          0         80   rt_memclr_w.o
         2          0          0          0          0          0   rtexit.o
        10          0          0          0          0          0   rtexit2.o
       128          0          0          0          0         68   strcmpv7m.o
        36          0          0          0          0         80   strstr.o
        12          4          0          0          0         68   sys_exit.o
        74          0          0          0          0         80   sys_stackheap_outer.o
         2          0          0          0          0         68   use_no_semi.o
        36          4          0          0          0         76   vsprintf.o
        90          4          0          0          0         92   dfixu.o
        38          0          0          0          0         68   dflt_clz.o
       340         12          0          0          0        104   dmul.o
       156          4          0          0          0         92   dnaninf.o
        12          0          0          0          0         68   dretinf.o
         4          0          0          0          0         68   printf1.o
         4          0          0          0          0         68   printf2.o
         0          0          0          0          0          0   usenofp.o
        40          0          0          0          0         68   fpclassify.o

    ----------------------------------------------------------------------
      7570        286        552          0        100       4748   Library Totals
        14          0          1          0          4          0   (incl. Padding)

    ----------------------------------------------------------------------

      Code (inc. data)   RO Data    RW Data    ZI Data      Debug   Library Name

      6872        266        551          0         96       4120   c_w.l
       644         20          0          0          0        560   fz_ws.l
        40          0          0          0          0         68   m_ws.l

    ----------------------------------------------------------------------
      7570        286        552          0        100       4748   Library Totals

    ----------------------------------------------------------------------

==============================================================================


      Code (inc. data)   RO Data    RW Data    ZI Data      Debug   

     14112       1066       2828         52       2036     324520   Grand Totals
     14112       1066       2828         52       2036     324520   ELF Image Totals
     14112       1066       2828         52          0          0   ROM Totals

==============================================================================

    Total RO  Size (Code + RO Data)                16940 (  16.54kB)
    Total RW  Size (RW Data + ZI Data)              2088 (   2.04kB)
    Total ROM Size (Code + RO Data + RW Data)      16992 (  16.59kB)

==============================================================================

